Microchip MPLAB XC8 Compiler V2.00 ()

Linker command line:

-W-3 --edf=C:\Program Files (x86)\Microchip\xc8\v2.00\pic\dat\en_msgs.txt \
  -cs -h+dist/default/production\Hormiga_877.X.production.sym \
  --cmf=dist/default/production\Hormiga_877.X.production.cmf -z -Q16F877A \
  -oC:\Users\c4810\AppData\Local\Temp\sdts.2 --defsym=__MPLAB_BUILD=1 \
  -Mdist/default/production/Hormiga_877.X.production.map -E1 -ver=XC8 \
  --acfsm=1493 -ASTACK=0110h-016fh -pstack=STACK -ACODE=00h-07FFhx4 \
  -ASTRCODE=00h-01FFFh -ASTRING=00h-0FFhx32 -ACONST=00h-0FFhx32 \
  -AENTRY=00h-0FFhx32 -ACOMMON=070h-07Fh -ABANK0=020h-06Fh \
  -ABANK1=0A0h-0EFh -ABANK2=0110h-016Fh -ABANK3=0190h-01EFh \
  -ARAM=020h-06Fh,0A0h-0EFh,0110h-016Fh,0190h-01EFh \
  -AABS1=020h-07Fh,0A0h-0EFh,0110h-016Fh,0190h-01EFh -ASFR0=00h-01Fh \
  -ASFR1=080h-09Fh -ASFR2=0100h-010Fh -ASFR3=0180h-018Fh \
  -preset_vec=00h,intentry,init,end_init -ppowerup=CODE -pcinit=CODE \
  -pfunctab=ENTRY -ACONFIG=02007h-02007h -pconfig=CONFIG -DCONFIG=2 \
  -AIDLOC=02000h-02003h -pidloc=IDLOC -DIDLOC=2 -AEEDATA=00h-0FFh/02100h \
  -peeprom_data=EEDATA -DEEDATA=2 -DCODE=2 -DSTRCODE=2 -DSTRING=2 -DCONST=2 \
  -DENTRY=2 -k C:\Users\c4810\AppData\Local\Temp\sdts.o \
  dist/default/production\Hormiga_877.X.production.o 

Object code version is 3.11

Machine type is 16F877A



                Name                               Link     Load   Length Selector   Space Scale
C:\Users\c4810\AppData\Local\Temp\sdts.o
                end_init                              0        0        3        0       0
                config                             2007     2007        1     400E       0
dist/default/production\Hormiga_877.X.production.o
                cinit                               7F6      7F6        A      FEC       0
                text12                              2C1      2C1        B      582       0
                text11                              2ED      2ED       21      5DA       0
                text10                              2CC      2CC        C      598       0
                text9                               360      360       3A      6C0       0
                text8                               39A      39A       4E      734       0
                text7                               580      580      137      B00       0
                text6                               335      335       2B      66A       0
                text5                               4DA      4DA       A6      9B4       0
                text4                               43A      43A       A0      874       0
                text3                               30E      30E       27      61C       0
                text2                               6B7      6B7      13F      D6E       0
                text1                               3E8      3E8       52      7D0       0
                maintext                            2D8      2D8       15      5B0       0
                cstackBANK0                          20       20        E       20       1
                cstackCOMMON                         70       70        E       70       1
                bssBANK0                             2E       2E        4       20       1
                nvBANK0                              32       32        1       20       1
                strings                               3        3       17        6       0

TOTAL           Name                               Link     Load   Length     Space
        CLASS   STACK          

        CLASS   CODE           
                end_init                              0        0        3         0
                cinit                               7F6      7F6        A         0
                text12                              2C1      2C1        B         0
                text11                              2ED      2ED       21         0
                text10                              2CC      2CC        C         0
                text9                               360      360       3A         0
                text8                               39A      39A       4E         0
                text7                               580      580      137         0
                text6                               335      335       2B         0
                text5                               4DA      4DA       A6         0
                text4                               43A      43A       A0         0
                text3                               30E      30E       27         0
                text2                               6B7      6B7      13F         0
                text1                               3E8      3E8       52         0
                maintext                            2D8      2D8       15         0

        CLASS   STRCODE        

        CLASS   STRING         
                strings                               3        3       17         0

        CLASS   CONST          

        CLASS   ENTRY          

        CLASS   COMMON         
                cstackCOMMON                         70       70        E         1

        CLASS   BANK0          
                cstackBANK0                          20       20        E         1
                bssBANK0                             2E       2E        4         1
                nvBANK0                              32       32        1         1

        CLASS   BANK1          

        CLASS   BANK2          

        CLASS   BANK3          

        CLASS   RAM            

        CLASS   ABS1           
                abs_s1                               7E       7E        2         1

        CLASS   SFR0           

        CLASS   SFR1           

        CLASS   SFR2           

        CLASS   SFR3           

        CLASS   CONFIG         
                config                             2007     2007        1         0

        CLASS   IDLOC          

        CLASS   EEDATA         



SEGMENTS        Name                           Load    Length   Top    Selector   Space  Class     Delta

                reset_vec                      000000  000003  000003         0       0  CODE        2
                strings                        000003  000017  00001A         6       0  STRING      2
                cstackBANK0                    000020  000013  000033        20       1  BANK0       1
                cstackCOMMON                   000070  00000E  00007E        70       1  COMMON      1
                text12                         0002C1  00000B  0002CC       582       0  CODE        2
                text10                         0002CC  00000C  0002D8       598       0  CODE        2
                maintext                       0002D8  000015  0002ED       5B0       0  CODE        2
                text11                         0002ED  000021  00030E       5DA       0  CODE        2
                text3                          00030E  000027  000335       61C       0  CODE        2
                text6                          000335  00002B  000360       66A       0  CODE        2
                text9                          000360  00003A  00039A       6C0       0  CODE        2
                text8                          00039A  00004E  0003E8       734       0  CODE        2
                text1                          0003E8  000052  00043A       7D0       0  CODE        2
                text4                          00043A  0000A0  0004DA       874       0  CODE        2
                text5                          0004DA  0000A6  000580       9B4       0  CODE        2
                text7                          000580  000137  0006B7       B00       0  CODE        2
                text2                          0006B7  00013F  0007F6       D6E       0  CODE        2
                cinit                          0007F6  00000A  000800       FEC       0  CODE        2
                config                         002007  000001  002008      400E       0  CONFIG      2


UNUSED ADDRESS RANGES

        Name                Unused          Largest block    Delta
        BANK0            0033-006F             3D           1
        BANK1            00A0-00EF             50           1
        BANK2            0110-016F             60           1
        BANK3            0190-01EF             60           1
        CODE             001A-02C0            2A7           2
                         0800-1FFF            800
        CONST            001A-02C0            100           2
                         0800-1FFF            100
        EEDATA           2100-21FF            100           2
        ENTRY            001A-02C0            100           2
                         0800-1FFF            100
        IDLOC            2000-2003              4           2
        RAM              0033-006F             3D           1
                         00A0-00EF             50
                         0110-016F             60
                         0190-01EF             60
        SFR0             0000-001F             20           1
        SFR1             0080-009F             20           1
        SFR2             0100-010F             10           1
        SFR3             0180-018F             10           1
        STACK            0110-016F             60           1
        STRCODE          001A-02C0            2A7           2
                         0800-1FFF           1800
        STRING           001A-02C0            100           2
                         0800-1FFF            100

                                  Symbol Table

?___aldiv                   cstackCOMMON 0070
SerialBegin@BaudRate        cstackBANK0  0026
SerialBegin@x               cstackBANK0  002A
SerialPrint@dataText        cstackCOMMON 0073
SerialPrint@i               cstackCOMMON 0071
SerialPrintLn@dataText      cstackCOMMON 0071
SerialPrintLn@i             cstackCOMMON 0073
SerialWrite@dataWrite       cstackCOMMON 0070
_ACKDT                      (abs)        048D
_ACKEN                      (abs)        048C
_ADCON0                     (abs)        001F
_ADCON0bits                 (abs)        001F
_ADCON1                     (abs)        009F
_ADCON1bits                 (abs)        009F
_ADRESH                     (abs)        001E
_ADRESL                     (abs)        009E
_BRGH                       (abs)        04C2
_CCP1CON                    (abs)        0017
_CCP1Configuration          text12       02C1
_CCP1X                      (abs)        00BD
_CCP1Y                      (abs)        00BC
_CCP2CON                    (abs)        001D
_CCP2X                      (abs)        00ED
_CCP2Y                      (abs)        00EC
_CCPR1L                     (abs)        0015
_CCPR2L                     (abs)        001B
_CREN                       (abs)        00C4
_FERR                       (abs)        00C2
_GIE                        (abs)        005F
_Initialization             text11       02ED
_LED                        strings      0013
_OERR                       (abs)        00C1
_PEIE                       (abs)        005E
_PEN                        (abs)        048A
_PORTAbits                  (abs)        0005
_PORTBbits                  (abs)        0006
_PORTCbits                  (abs)        0007
_PORTDbits                  (abs)        0008
_PORTE                      (abs)        0009
_PORTEbits                  (abs)        0009
_PR2                        (abs)        0092
_RCEN                       (abs)        048B
_RCIF                       (abs)        0065
_RCREG                      (abs)        001A
_RSEN                       (abs)        0489
_SEN                        (abs)        0488
_SPBRG                      (abs)        0099
_SPEN                       (abs)        00C7
_SSPADD                     (abs)        0093
_SSPBUF                     (abs)        0013
_SSPCON                     (abs)        0014
_SSPCON2                    (abs)        0091
_SSPIE                      (abs)        0463
_SSPIF                      (abs)        0063
_SSPSTAT                    (abs)        0094
_SYNC                       (abs)        04C4
_SerialBegin                text4        043A
_SerialPrint                text3        030E
_SerialPrintLn              text9        0360
_SerialWrite                text10       02CC
_T2CON                      (abs)        0012
_TRISAbits                  (abs)        0085
_TRISBbits                  (abs)        0086
_TRISC3                     (abs)        043B
_TRISC4                     (abs)        043C
_TRISC6                     (abs)        043E
_TRISC7                     (abs)        043F
_TRISCbits                  (abs)        0087
_TRISDbits                  (abs)        0088
_TRISE                      (abs)        0089
_TRMT                       (abs)        04C1
_TXEN                       (abs)        04C5
_TXIF                       (abs)        0064
_TXREG                      (abs)        0019
__CFG_BOREN$OFF             (abs)        0000
__CFG_CP$OFF                (abs)        0000
__CFG_CPD$OFF               (abs)        0000
__CFG_FOSC$HS               (abs)        0000
__CFG_LVP$ON                (abs)        0000
__CFG_PWRTE$OFF             (abs)        0000
__CFG_WDTE$OFF              (abs)        0000
__CFG_WRT$OFF               (abs)        0000
__Habs1                     abs1         0000
__Hbank0                    bank0        0000
__Hbank1                    bank1        0000
__Hbank2                    bank2        0000
__Hbank3                    bank3        0000
__HbssBANK0                 bssBANK0     0000
__Hcinit                    cinit        0800
__Hclrtext                  clrtext      0000
__Hcode                     code         0000
__Hcommon                   common       0000
__Hconfig                   config       2008
__HcstackBANK0              cstackBANK0  0000
__HcstackCOMMON             cstackCOMMON 0000
__Heeprom_data              eeprom_data  0000
__Hend_init                 end_init     0003
__Hfunctab                  functab      0000
__Hidloc                    idloc        0000
__Hinit                     init         0000
__Hintentry                 intentry     0000
__Hmaintext                 maintext     0000
__HnvBANK0                  nvBANK0      0000
__Hpowerup                  powerup      0000
__Hram                      ram          0000
__Hreset_vec                reset_vec    0000
__Hsfr0                     sfr0         0000
__Hsfr1                     sfr1         0000
__Hsfr2                     sfr2         0000
__Hsfr3                     sfr3         0000
__Hspace_0                  (abs)        2008
__Hspace_1                  (abs)        007E
__Hspace_2                  (abs)        0000
__Hspace_3                  (abs)        0000
__Hstack                    stack        0000
__Hstrings                  strings      0000
__Htext                     text         0000
__Labs1                     abs1         0000
__Lbank0                    bank0        0000
__Lbank1                    bank1        0000
__Lbank2                    bank2        0000
__Lbank3                    bank3        0000
__LbssBANK0                 bssBANK0     0000
__Lcinit                    cinit        07F6
__Lclrtext                  clrtext      0000
__Lcode                     code         0000
__Lcommon                   common       0000
__Lconfig                   config       2007
__LcstackBANK0              cstackBANK0  0000
__LcstackCOMMON             cstackCOMMON 0000
__Leeprom_data              eeprom_data  0000
__Lend_init                 end_init     0000
__Lfunctab                  functab      0000
__Lidloc                    idloc        0000
__Linit                     init         0000
__Lintentry                 intentry     0000
__Lmaintext                 maintext     0000
__LnvBANK0                  nvBANK0      0000
__Lpowerup                  powerup      0000
__Lram                      ram          0000
__Lreset_vec                reset_vec    0000
__Lsfr0                     sfr0         0000
__Lsfr1                     sfr1         0000
__Lsfr2                     sfr2         0000
__Lsfr3                     sfr3         0000
__Lspace_0                  (abs)        0000
__Lspace_1                  (abs)        0000
__Lspace_2                  (abs)        0000
__Lspace_3                  (abs)        0000
__Lstack                    stack        0000
__Lstrings                  strings      0000
__Ltext                     text         0000
__S0                        (abs)        2008
__S1                        (abs)        007E
__S2                        (abs)        0000
__S3                        (abs)        0000
___aldiv                    text5        04DA
___aldiv@counter            cstackBANK0  0020
___aldiv@dividend           cstackCOMMON 0074
___aldiv@divisor            cstackCOMMON 0070
___aldiv@quotient           cstackBANK0  0022
___aldiv@sign               cstackBANK0  0021
___int_sp                   stack        0000
___latbits                  (abs)        0002
___sp                       stack        0000
__end_of_CCP1Configuration  text12       02CC
__end_of_Initialization     text11       030E
__end_of_LED                strings      0015
__end_of_SerialBegin        text4        04DA
__end_of_SerialPrint        text3        0335
__end_of_SerialPrintLn      text9        039A
__end_of_SerialWrite        text10       02D8
__end_of___aldiv            text5        0580
__end_of__initialization    cinit        07FC
__end_of__stringtab         strings      0013
__end_of_delay              text8        03E8
__end_of_digitalWrite       text7        06B7
__end_of_loop               text6        0360
__end_of_main               maintext     02ED
__end_of_pinMode            text2        07F6
__end_of_setup              text1        043A
__initialization            cinit        07F6
__pbssBANK0                 bssBANK0     002E
__pcstackBANK0              cstackBANK0  0020
__pcstackCOMMON             cstackCOMMON 0070
__pmaintext                 maintext     02D8
__pnvBANK0                  nvBANK0      0032
__pstrings                  strings      0003
__ptext1                    text1        03E8
__ptext10                   text10       02CC
__ptext11                   text11       02ED
__ptext12                   text12       02C1
__ptext2                    text2        06B7
__ptext3                    text3        030E
__ptext4                    text4        043A
__ptext5                    text5        04DA
__ptext6                    text6        0335
__ptext7                    text7        0580
__ptext8                    text8        039A
__ptext9                    text9        0360
__size_of_CCP1Configuration (abs)        0000
__size_of_Initialization    (abs)        0000
__size_of_SerialBegin       (abs)        0000
__size_of_SerialPrint       (abs)        0000
__size_of_SerialPrintLn     (abs)        0000
__size_of_SerialWrite       (abs)        0000
__size_of___aldiv           (abs)        0000
__size_of_delay             (abs)        0000
__size_of_digitalWrite      (abs)        0000
__size_of_loop              (abs)        0000
__size_of_main              (abs)        0000
__size_of_pinMode           (abs)        0000
__size_of_setup             (abs)        0000
__stringbase                strings      0012
__stringtab                 strings      0003
_delay                      text8        039A
_digitalWrite               text7        0580
_loop                       text6        0335
_main                       maintext     02D8
_pinMode                    text2        06B7
_setup                      text1        03E8
_state                      nvBANK0      0032
btemp                       (abs)        007E
delay@i                     cstackCOMMON 0075
delay@j                     cstackCOMMON 0073
delay@milis                 cstackCOMMON 0070
digitalWrite@pin            cstackCOMMON 0073
digitalWrite@value          cstackCOMMON 0070
end_of_initialization       cinit        07FC
intlevel0                   functab      0000
intlevel1                   functab      0000
intlevel2                   functab      0000
intlevel3                   functab      0000
intlevel4                   functab      0000
intlevel5                   functab      0000
pinMode@mode                cstackCOMMON 0070
pinMode@pin                 cstackCOMMON 0073
reset_vec                   reset_vec    0000
setup@i                     cstackCOMMON 007D
stackhi                     (abs)        0000
stacklo                     (abs)        0000
start                       init         0000
start_initialization        cinit        07F6
wtemp0                      (abs)        007E


FUNCTION INFORMATION:

 *************** function _main *****************
 Defined at:
		line 7 in file "source.c"
 Parameters:    Size  Location     Type
		None
 Auto vars:     Size  Location     Type
		None
 Return value:  Size  Location     Type
                  2  130[None  ] int 
 Registers used:
		wreg, fsr0l, fsr0h, status,2, status,0, btemp+1, pclath, cstack
 Tracked objects:
		On entry : 
		On exit  : 
		Unchanged: 
 Data sizes:     COMMON   BANK0   BANK1   BANK3   BANK2
      Params:         0       0       0       0       0
      Locals:         0       0       0       0       0
      Temps:          0       0       0       0       0
      Totals:         0       0       0       0       0
Total ram usage:        0 bytes
 Hardware stack levels required when called:    3
 This function calls:
		_Initialization
		_loop
		_setup
 This function is called by:
		Startup code after reset
 This function uses a non-reentrant model


 *************** function _setup *****************
 Defined at:
		line 6 in file "application.c"
 Parameters:    Size  Location     Type
		None
 Auto vars:     Size  Location     Type
  i               1   13[COMMON] unsigned char 
 Return value:  Size  Location     Type
                  1    wreg      void 
 Registers used:
		wreg, fsr0l, fsr0h, status,2, status,0, btemp+1, pclath, cstack
 Tracked objects:
		On entry : 
		On exit  : 
		Unchanged: 
 Data sizes:     COMMON   BANK0   BANK1   BANK3   BANK2
      Params:         0       0       0       0       0
      Locals:         1       0       0       0       0
      Temps:          0       2       0       0       0
      Totals:         1       2       0       0       0
Total ram usage:        3 bytes
 Hardware stack levels used:    1
 Hardware stack levels required when called:    2
 This function calls:
		_SerialBegin
		_SerialPrint
		_SerialPrintLn
		_digitalWrite
		_pinMode
 This function is called by:
		_main
 This function uses a non-reentrant model


 *************** function _pinMode *****************
 Defined at:
		line 62 in file "source.c"
 Parameters:    Size  Location     Type
  pin             1    wreg     unsigned char 
  mode            1    0[COMMON] unsigned char 
 Auto vars:     Size  Location     Type
  pin             1    3[COMMON] unsigned char 
 Return value:  Size  Location     Type
                  1    wreg      void 
 Registers used:
		wreg, fsr0l, fsr0h, status,2, status,0
 Tracked objects:
		On entry : 
		On exit  : 
		Unchanged: 
 Data sizes:     COMMON   BANK0   BANK1   BANK3   BANK2
      Params:         1       0       0       0       0
      Locals:         1       0       0       0       0
      Temps:          2       0       0       0       0
      Totals:         4       0       0       0       0
Total ram usage:        4 bytes
 Hardware stack levels used:    1
 This function calls:
		Nothing
 This function is called by:
		_setup
 This function uses a non-reentrant model


 *************** function _SerialPrint *****************
 Defined at:
		line 506 in file "source.c"
 Parameters:    Size  Location     Type
  dataText        1    wreg     PTR unsigned char 
		 -> STR_1(2), 
 Auto vars:     Size  Location     Type
  dataText        1    3[COMMON] PTR unsigned char 
		 -> STR_1(2), 
  i               2    1[COMMON] unsigned int 
 Return value:  Size  Location     Type
                  1    wreg      void 
 Registers used:
		wreg, fsr0l, fsr0h, status,2, status,0, pclath, cstack
 Tracked objects:
		On entry : 
		On exit  : 
		Unchanged: 
 Data sizes:     COMMON   BANK0   BANK1   BANK3   BANK2
      Params:         0       0       0       0       0
      Locals:         3       0       0       0       0
      Temps:          0       0       0       0       0
      Totals:         3       0       0       0       0
Total ram usage:        3 bytes
 Hardware stack levels used:    1
 Hardware stack levels required when called:    1
 This function calls:
		_SerialWrite
 This function is called by:
		_setup
 This function uses a non-reentrant model


 *************** function _SerialBegin *****************
 Defined at:
		line 435 in file "source.c"
 Parameters:    Size  Location     Type
  BaudRate        4    6[BANK0 ] const long 
 Auto vars:     Size  Location     Type
  x               2   10[BANK0 ] unsigned int 
 Return value:  Size  Location     Type
                  1    wreg      unsigned char 
 Registers used:
		wreg, status,2, status,0, pclath, cstack
 Tracked objects:
		On entry : 
		On exit  : 
		Unchanged: 
 Data sizes:     COMMON   BANK0   BANK1   BANK3   BANK2
      Params:         0       4       0       0       0
      Locals:         0       2       0       0       0
      Temps:          4       0       0       0       0
      Totals:         4       6       0       0       0
Total ram usage:       10 bytes
 Hardware stack levels used:    1
 Hardware stack levels required when called:    1
 This function calls:
		___aldiv
 This function is called by:
		_setup
 This function uses a non-reentrant model


 *************** function ___aldiv *****************
 Defined at:
		line 5 in file "C:\Program Files (x86)\Microchip\xc8\v2.00\pic\sources\c90\common\aldiv.c"
 Parameters:    Size  Location     Type
  divisor         4    0[COMMON] long 
  dividend        4    4[COMMON] long 
 Auto vars:     Size  Location     Type
  quotient        4    2[BANK0 ] long 
  sign            1    1[BANK0 ] unsigned char 
  counter         1    0[BANK0 ] unsigned char 
 Return value:  Size  Location     Type
                  4    0[COMMON] long 
 Registers used:
		wreg, status,2, status,0
 Tracked objects:
		On entry : 
		On exit  : 
		Unchanged: 
 Data sizes:     COMMON   BANK0   BANK1   BANK3   BANK2
      Params:         8       0       0       0       0
      Locals:         0       6       0       0       0
      Temps:          1       0       0       0       0
      Totals:         9       6       0       0       0
Total ram usage:       15 bytes
 Hardware stack levels used:    1
 This function calls:
		Nothing
 This function is called by:
		_SerialBegin
 This function uses a non-reentrant model


 *************** function _loop *****************
 Defined at:
		line 20 in file "application.c"
 Parameters:    Size  Location     Type
		None
 Auto vars:     Size  Location     Type
		None
 Return value:  Size  Location     Type
                  1    wreg      void 
 Registers used:
		wreg, fsr0l, fsr0h, status,2, status,0, btemp+1, pclath, cstack
 Tracked objects:
		On entry : 
		On exit  : 
		Unchanged: 
 Data sizes:     COMMON   BANK0   BANK1   BANK3   BANK2
      Params:         0       0       0       0       0
      Locals:         0       0       0       0       0
      Temps:          0       0       0       0       0
      Totals:         0       0       0       0       0
Total ram usage:        0 bytes
 Hardware stack levels used:    1
 Hardware stack levels required when called:    2
 This function calls:
		_SerialPrintLn
		_delay
		_digitalWrite
 This function is called by:
		_main
 This function uses a non-reentrant model


 *************** function _digitalWrite *****************
 Defined at:
		line 161 in file "source.c"
 Parameters:    Size  Location     Type
  pin             1    wreg     unsigned char 
  value           1    0[COMMON] unsigned char 
 Auto vars:     Size  Location     Type
  pin             1    3[COMMON] unsigned char 
 Return value:  Size  Location     Type
                  1    wreg      void 
 Registers used:
		wreg, fsr0l, fsr0h, status,2, status,0
 Tracked objects:
		On entry : 
		On exit  : 
		Unchanged: 
 Data sizes:     COMMON   BANK0   BANK1   BANK3   BANK2
      Params:         1       0       0       0       0
      Locals:         1       0       0       0       0
      Temps:          2       0       0       0       0
      Totals:         4       0       0       0       0
Total ram usage:        4 bytes
 Hardware stack levels used:    1
 This function calls:
		Nothing
 This function is called by:
		_setup
		_loop
 This function uses a non-reentrant model


 *************** function _delay *****************
 Defined at:
		line 607 in file "source.c"
 Parameters:    Size  Location     Type
  milis           2    0[COMMON] const int 
 Auto vars:     Size  Location     Type
  i               2    5[COMMON] int 
  j               2    3[COMMON] int 
 Return value:  Size  Location     Type
                  1    wreg      void 
 Registers used:
		wreg, status,2, btemp+1
 Tracked objects:
		On entry : 
		On exit  : 
		Unchanged: 
 Data sizes:     COMMON   BANK0   BANK1   BANK3   BANK2
      Params:         2       0       0       0       0
      Locals:         4       0       0       0       0
      Temps:          1       0       0       0       0
      Totals:         7       0       0       0       0
Total ram usage:        7 bytes
 Hardware stack levels used:    1
 This function calls:
		Nothing
 This function is called by:
		_loop
 This function uses a non-reentrant model


 *************** function _SerialPrintLn *****************
 Defined at:
		line 513 in file "source.c"
 Parameters:    Size  Location     Type
  dataText        2    1[COMMON] PTR unsigned char 
		 -> STR_2(3), RAM(512), 
 Auto vars:     Size  Location     Type
  i               2    3[COMMON] unsigned int 
 Return value:  Size  Location     Type
                  1    wreg      void 
 Registers used:
		wreg, fsr0l, fsr0h, status,2, status,0, btemp+1, pclath, cstack
 Tracked objects:
		On entry : 
		On exit  : 
		Unchanged: 
 Data sizes:     COMMON   BANK0   BANK1   BANK3   BANK2
      Params:         2       0       0       0       0
      Locals:         2       0       0       0       0
      Temps:          0       0       0       0       0
      Totals:         4       0       0       0       0
Total ram usage:        4 bytes
 Hardware stack levels used:    1
 Hardware stack levels required when called:    1
 This function calls:
		_SerialWrite
 This function is called by:
		_setup
		_loop
 This function uses a non-reentrant model


 *************** function _SerialWrite *****************
 Defined at:
		line 492 in file "source.c"
 Parameters:    Size  Location     Type
  dataWrite       1    wreg     unsigned char 
 Auto vars:     Size  Location     Type
  dataWrite       1    0[COMMON] unsigned char 
 Return value:  Size  Location     Type
                  1    wreg      void 
 Registers used:
		wreg
 Tracked objects:
		On entry : 
		On exit  : 
		Unchanged: 
 Data sizes:     COMMON   BANK0   BANK1   BANK3   BANK2
      Params:         0       0       0       0       0
      Locals:         1       0       0       0       0
      Temps:          0       0       0       0       0
      Totals:         1       0       0       0       0
Total ram usage:        1 bytes
 Hardware stack levels used:    1
 This function calls:
		Nothing
 This function is called by:
		_SerialPrint
		_SerialPrintLn
		_SerialWriteText
 This function uses a non-reentrant model


 *************** function _Initialization *****************
 Defined at:
		line 18 in file "source.c"
 Parameters:    Size  Location     Type
		None
 Auto vars:     Size  Location     Type
		None
 Return value:  Size  Location     Type
                  1    wreg      void 
 Registers used:
		wreg, status,2, status,0, pclath, cstack
 Tracked objects:
		On entry : 
		On exit  : 
		Unchanged: 
 Data sizes:     COMMON   BANK0   BANK1   BANK3   BANK2
      Params:         0       0       0       0       0
      Locals:         0       0       0       0       0
      Temps:          0       0       0       0       0
      Totals:         0       0       0       0       0
Total ram usage:        0 bytes
 Hardware stack levels used:    1
 Hardware stack levels required when called:    1
 This function calls:
		_CCP1Configuration
 This function is called by:
		_main
 This function uses a non-reentrant model


 *************** function _CCP1Configuration *****************
 Defined at:
		line 43 in file "source.c"
 Parameters:    Size  Location     Type
		None
 Auto vars:     Size  Location     Type
		None
 Return value:  Size  Location     Type
                  1    wreg      void 
 Registers used:
		wreg
 Tracked objects:
		On entry : 
		On exit  : 
		Unchanged: 
 Data sizes:     COMMON   BANK0   BANK1   BANK3   BANK2
      Params:         0       0       0       0       0
      Locals:         0       0       0       0       0
      Temps:          0       0       0       0       0
      Totals:         0       0       0       0       0
Total ram usage:        0 bytes
 Hardware stack levels used:    1
 This function calls:
		Nothing
 This function is called by:
		_Initialization
 This function uses a non-reentrant model



MODULE INFORMATION

Module		Function		Class		Link	Load	Size
source.c
		_SerialPrintLn 		CODE           	0360	0000	59
		_delay         		CODE           	039A	0000	79
		_main          		CODE           	02D8	0000	22
		_SerialBegin   		CODE           	043A	0000	161
		_digitalWrite  		CODE           	0580	0000	312
		_CCP1Configuration		CODE           	02C1	0000	12
		_Initialization		CODE           	02ED	0000	34
		_SerialWrite   		CODE           	02CC	0000	13
		_pinMode       		CODE           	06B7	0000	320
		_SerialPrint   		CODE           	030E	0000	40

source.c estimated size: 1052

shared
		__stringtab    		STRING         	0003	0000	17
		_LED           		STRING         	0013	0000	3
		__initialization		CODE           	07F6	0000	7

shared estimated size: 27

C:\Program Files (x86)\Microchip\xc8\v2.00\pic\sources\c90\common\aldiv.c
		___aldiv       		CODE           	04DA	0000	167

C:\Program Files (x86)\Microchip\xc8\v2.00\pic\sources\c90\common\aldiv.c estimated size: 167

application.c
		_loop          		CODE           	0335	0000	44
		_setup         		CODE           	03E8	0000	83

application.c estimated size: 127

