Microchip MPLAB XC8 Compiler V2.00 ()

Linker command line:

-W-3 --edf=C:\Program Files (x86)\Microchip\xc8\v2.00\pic\dat\en_msgs.txt \
  -cs -h+dist/default/production\PRACTICAS.X.production.sym \
  --cmf=dist/default/production\PRACTICAS.X.production.cmf -z -Q16F877A \
  -oC:\Users\TONCHE~1\AppData\Local\Temp\s5uk.2 --defsym=__MPLAB_BUILD=1 \
  -Mdist/default/production/PRACTICAS.X.production.map -E1 -ver=XC8 \
  --acfsm=1493 -ASTACK=0110h-016fh -pstack=STACK -ACODE=00h-07FFhx4 \
  -ASTRCODE=00h-01FFFh -ASTRING=00h-0FFhx32 -ACONST=00h-0FFhx32 \
  -AENTRY=00h-0FFhx32 -ACOMMON=070h-07Fh -ABANK0=020h-06Fh \
  -ABANK1=0A0h-0EFh -ABANK2=0110h-016Fh -ABANK3=0190h-01EFh \
  -ARAM=020h-06Fh,0A0h-0EFh,0110h-016Fh,0190h-01EFh \
  -AABS1=020h-07Fh,0A0h-0EFh,0110h-016Fh,0190h-01EFh -ASFR0=00h-01Fh \
  -ASFR1=080h-09Fh -ASFR2=0100h-010Fh -ASFR3=0180h-018Fh \
  -preset_vec=00h,intentry,init,end_init -ppowerup=CODE -pcinit=CODE \
  -pfunctab=ENTRY -ACONFIG=02007h-02007h -pconfig=CONFIG -DCONFIG=2 \
  -AIDLOC=02000h-02003h -pidloc=IDLOC -DIDLOC=2 -AEEDATA=00h-0FFh/02100h \
  -peeprom_data=EEDATA -DEEDATA=2 -DCODE=2 -DSTRCODE=2 -DSTRING=2 -DCONST=2 \
  -DENTRY=2 -k C:\Users\TONCHE~1\AppData\Local\Temp\s5uk.o \
  dist/default/production\PRACTICAS.X.production.o 

Object code version is 3.11

Machine type is 16F877A



                Name                               Link     Load   Length Selector   Space Scale
C:\Users\TONCHE~1\AppData\Local\Temp\s5uk.o
                end_init                              0        0        3        0       0
                config                             2007     2007        1     400E       0
dist/default/production\PRACTICAS.X.production.o
                cinit                               7F5      7F5        B      FEA       0
                text18                              D9E      D9E        D     1B3C       0
                text17                              DEA      DEA       24     1BD4       0
                text16                              DD0      DD0       1A     1BA0       0
                text15                              E65      E65       4E     1CCA       0
                text14                              F17      F17       67     1E2E       0
                text13                              424      424      123      848       0
                text12                              547      547      2AE      A8E       0
                text11                              F7E      F7E       82     1EFC       0
                text10                              D97      D97        7     1B2E       0
                text9                                64       64       83       C8       0
                text8                               DAB      DAB       11     1B56       0
                text7                               E0E      E0E       2B     1C1C       0
                text6                               E39      E39       2C     1C72       0
                text5                               EB3      EB3       64     1D66       0
                text4                               203      203      100      406       0
                text3                               303      303      121      606       0
                text2                                E7       E7       84      1CE       0
                text1                               16B      16B       98      2D6       0
                maintext                            DBC      DBC       14     1B78       0
                cstackBANK0                          20       20        D       20       1
                cstackCOMMON                         70       70        E       70       1
                dataBANK0                            35       35        1       20       1
                bssBANK0                             34       34        1       20       1
                nvBANK0                              2D       2D        7       20       1
                strings                               3        3       5F        6       0
                idataBANK0                           63       63        1       C6       0

TOTAL           Name                               Link     Load   Length     Space
        CLASS   STACK          

        CLASS   CODE           
                end_init                              0        0        3         0
                cinit                               7F5      7F5        B         0
                text18                              D9E      D9E        D         0
                text17                              DEA      DEA       24         0
                text16                              DD0      DD0       1A         0
                text15                              E65      E65       4E         0
                text14                              F17      F17       67         0
                text13                              424      424      123         0
                text12                              547      547      2AE         0
                text11                              F7E      F7E       82         0
                text10                              D97      D97        7         0
                text9                                64       64       83         0
                text8                               DAB      DAB       11         0
                text7                               E0E      E0E       2B         0
                text6                               E39      E39       2C         0
                text5                               EB3      EB3       64         0
                text4                               203      203      100         0
                text3                               303      303      121         0
                text2                                E7       E7       84         0
                text1                               16B      16B       98         0
                maintext                            DBC      DBC       14         0
                idataBANK0                           63       63        1         0

        CLASS   STRCODE        

        CLASS   STRING         
                strings                               3        3       5F         0

        CLASS   CONST          

        CLASS   ENTRY          

        CLASS   COMMON         
                cstackCOMMON                         70       70        E         1

        CLASS   BANK0          
                cstackBANK0                          20       20        D         1
                dataBANK0                            35       35        1         1
                bssBANK0                             34       34        1         1
                nvBANK0                              2D       2D        7         1

        CLASS   BANK1          

        CLASS   BANK2          

        CLASS   BANK3          

        CLASS   RAM            

        CLASS   ABS1           
                abs_s1                               7E       7E        2         1

        CLASS   SFR0           

        CLASS   SFR1           

        CLASS   SFR2           

        CLASS   SFR3           

        CLASS   CONFIG         
                config                             2007     2007        1         0

        CLASS   IDLOC          

        CLASS   EEDATA         



SEGMENTS        Name                           Load    Length   Top    Selector   Space  Class     Delta

                reset_vec                      000000  000003  000003         0       0  CODE        2
                strings                        000003  00005F  000062         6       0  STRING      2
                cstackBANK0                    000020  000016  000036        20       1  BANK0       1
                cstackCOMMON                   000070  00000E  00007E        70       1  COMMON      1
                idataBANK0                     000063  000001  000064        C6       0  CODE        2
                text9                          000064  000083  0000E7        C8       0  CODE        2
                text2                          0000E7  000084  00016B       1CE       0  CODE        2
                text1                          00016B  000098  000203       2D6       0  CODE        2
                text4                          000203  000100  000303       406       0  CODE        2
                text3                          000303  000121  000424       606       0  CODE        2
                text13                         000424  000123  000547       848       0  CODE        2
                text12                         000547  0002AE  0007F5       A8E       0  CODE        2
                cinit                          0007F5  00000B  000800       FEA       0  CODE        2
                text10                         000D97  000007  000D9E      1B2E       0  CODE        2
                text18                         000D9E  00000D  000DAB      1B3C       0  CODE        2
                text8                          000DAB  000011  000DBC      1B56       0  CODE        2
                maintext                       000DBC  000014  000DD0      1B78       0  CODE        2
                text16                         000DD0  00001A  000DEA      1BA0       0  CODE        2
                text17                         000DEA  000024  000E0E      1BD4       0  CODE        2
                text7                          000E0E  00002B  000E39      1C1C       0  CODE        2
                text6                          000E39  00002C  000E65      1C72       0  CODE        2
                text15                         000E65  00004E  000EB3      1CCA       0  CODE        2
                text5                          000EB3  000064  000F17      1D66       0  CODE        2
                text14                         000F17  000067  000F7E      1E2E       0  CODE        2
                text11                         000F7E  000082  001000      1EFC       0  CODE        2
                config                         002007  000001  002008      400E       0  CONFIG      2


UNUSED ADDRESS RANGES

        Name                Unused          Largest block    Delta
        BANK0            0036-006F             3A           1
        BANK1            00A0-00EF             50           1
        BANK2            0110-016F             60           1
        BANK3            0190-01EF             60           1
        CODE             0062-0062              1           2
                         0800-0D96            597
                         1000-1FFF            800
        CONST            0062-0062              1           2
                         0800-0D96            100
                         1000-1FFF            100
        EEDATA           2100-21FF            100           2
        ENTRY            0062-0062              1           2
                         0800-0D96            100
                         1000-1FFF            100
        IDLOC            2000-2003              4           2
        RAM              0036-006F             3A           1
                         00A0-00EF             50
                         0110-016F             60
                         0190-01EF             60
        SFR0             0000-001F             20           1
        SFR1             0080-009F             20           1
        SFR2             0100-010F             10           1
        SFR3             0180-018F             10           1
        STACK            0110-016F             60           1
        STRCODE          0062-0062              1           2
                         0800-0D96            597
                         1000-1FFF           1000
        STRING           0062-0062              1           2
                         0800-0D96            100
                         1000-1FFF            100

                                  Symbol Table

ByteByNibble@NibbleValue     cstackCOMMON 0076
Movimiento@Mode              cstackCOMMON 0072
PBRead@pin                   cstackCOMMON 0079
PracticaIV@MenuB             cstackBANK0  0023
WriteData@LSNibble           cstackCOMMON 0079
WriteData@MSNibble           cstackCOMMON 007B
WriteData@data               cstackCOMMON 007A
WriteInstruction@LSNibble    cstackCOMMON 0079
WriteInstruction@MSNibble    cstackCOMMON 007B
WriteInstruction@instruction cstackCOMMON 007A
_ADCON0                      (abs)        001F
_ADCON0bits                  (abs)        001F
_ADCON1                      (abs)        009F
_ADRESH                      (abs)        001E
_ADRESL                      (abs)        009E
_BRGH                        (abs)        04C2
_ByteByNibble                text12       0547
_CCP1CON                     (abs)        0017
_CCP1X                       (abs)        00BD
_CCP1Y                       (abs)        00BC
_CCP2CON                     (abs)        001D
_CCP2X                       (abs)        00ED
_CCP2Y                       (abs)        00EC
_CCPR1L                      (abs)        0015
_CCPR2L                      (abs)        001B
_CREN                        (abs)        00C4
_D4                          strings      000C
_D5                          strings      000B
_D6                          strings      000A
_D7                          strings      0009
_ENPin                       nvBANK0      0032
_En                          strings      000E
_FERR                        (abs)        00C2
_Initialization              text17       0DEA
_MenuA                       bssBANK0     0034
_Movimiento                  text16       0DD0
_OERR                        (abs)        00C1
_PBRead                      text14       0F17
_PORTAbits                   (abs)        0005
_PORTBbits                   (abs)        0006
_PORTCbits                   (abs)        0007
_PORTDbits                   (abs)        0008
_PORTE                       (abs)        0009
_PORTEbits                   (abs)        0009
_PR2                         (abs)        0092
_PWMConfiguration            text18       0D9E
_Practica                    dataBANK0    0035
_PracticaIV                  text5        0EB3
_RCIF                        (abs)        0065
_RCREG                       (abs)        001A
_RS                          strings      000F
_RSPin                       nvBANK0      0033
_RWPin                       nvBANK0      0031
_RnW                         strings      000D
_SPBRG                       (abs)        0099
_SPEN                        (abs)        00C7
_SYNC                        (abs)        04C4
_T2CON                       (abs)        0012
_TRISAbits                   (abs)        0085
_TRISBbits                   (abs)        0086
_TRISC6                      (abs)        043E
_TRISC7                      (abs)        043F
_TRISCbits                   (abs)        0087
_TRISDbits                   (abs)        0088
_TRISE                       (abs)        0089
_TRMT                        (abs)        04C1
_TXEN                        (abs)        04C5
_TXIF                        (abs)        0064
_TXREG                       (abs)        0019
_WriteData                   text9        0064
_WriteInstruction            text11       0F7E
__CFG_BOREN$OFF              (abs)        0000
__CFG_CP$OFF                 (abs)        0000
__CFG_CPD$OFF                (abs)        0000
__CFG_FOSC$HS                (abs)        0000
__CFG_LVP$ON                 (abs)        0000
__CFG_PWRTE$OFF              (abs)        0000
__CFG_WDTE$OFF               (abs)        0000
__CFG_WRT$OFF                (abs)        0000
__Habs1                      abs1         0000
__Hbank0                     bank0        0000
__Hbank1                     bank1        0000
__Hbank2                     bank2        0000
__Hbank3                     bank3        0000
__HbssBANK0                  bssBANK0     0000
__Hcinit                     cinit        0800
__Hclrtext                   clrtext      0000
__Hcode                      code         0000
__Hcommon                    common       0000
__Hconfig                    config       2008
__HcstackBANK0               cstackBANK0  0000
__HcstackCOMMON              cstackCOMMON 0000
__HdataBANK0                 dataBANK0    0000
__Heeprom_data               eeprom_data  0000
__Hend_init                  end_init     0003
__Hfunctab                   functab      0000
__HidataBANK0                idataBANK0   0000
__Hidloc                     idloc        0000
__Hinit                      init         0000
__Hintentry                  intentry     0000
__Hmaintext                  maintext     0000
__HnvBANK0                   nvBANK0      0000
__Hpowerup                   powerup      0000
__Hram                       ram          0000
__Hreset_vec                 reset_vec    0000
__Hsfr0                      sfr0         0000
__Hsfr1                      sfr1         0000
__Hsfr2                      sfr2         0000
__Hsfr3                      sfr3         0000
__Hspace_0                   (abs)        2008
__Hspace_1                   (abs)        007E
__Hspace_2                   (abs)        0000
__Hspace_3                   (abs)        0000
__Hstack                     stack        0000
__Hstrings                   strings      0000
__Htext                      text         0000
__Labs1                      abs1         0000
__Lbank0                     bank0        0000
__Lbank1                     bank1        0000
__Lbank2                     bank2        0000
__Lbank3                     bank3        0000
__LbssBANK0                  bssBANK0     0000
__Lcinit                     cinit        07F5
__Lclrtext                   clrtext      0000
__Lcode                      code         0000
__Lcommon                    common       0000
__Lconfig                    config       2007
__LcstackBANK0               cstackBANK0  0000
__LcstackCOMMON              cstackCOMMON 0000
__LdataBANK0                 dataBANK0    0000
__Leeprom_data               eeprom_data  0000
__Lend_init                  end_init     0000
__Lfunctab                   functab      0000
__LidataBANK0                idataBANK0   0000
__Lidloc                     idloc        0000
__Linit                      init         0000
__Lintentry                  intentry     0000
__Lmaintext                  maintext     0000
__LnvBANK0                   nvBANK0      0000
__Lpowerup                   powerup      0000
__Lram                       ram          0000
__Lreset_vec                 reset_vec    0000
__Lsfr0                      sfr0         0000
__Lsfr1                      sfr1         0000
__Lsfr2                      sfr2         0000
__Lsfr3                      sfr3         0000
__Lspace_0                   (abs)        0000
__Lspace_1                   (abs)        0000
__Lspace_2                   (abs)        0000
__Lspace_3                   (abs)        0000
__Lstack                     stack        0000
__Lstrings                   strings      0000
__Ltext                      text         0000
__S0                         (abs)        2008
__S1                         (abs)        007E
__S2                         (abs)        0000
__S3                         (abs)        0000
___int_sp                    stack        0000
___latbits                   (abs)        0002
___sp                        stack        0000
__end_of_ByteByNibble        text12       07F5
__end_of_D4                  strings      000D
__end_of_D5                  strings      000C
__end_of_D6                  strings      000B
__end_of_D7                  strings      000A
__end_of_En                  strings      000F
__end_of_Initialization      text17       0E0E
__end_of_Movimiento          text16       0DEA
__end_of_PBRead              text14       0F7E
__end_of_PWMConfiguration    text18       0DAB
__end_of_PracticaIV          text5        0F17
__end_of_RS                  strings      0010
__end_of_RnW                 strings      000E
__end_of_WriteData           text9        00E7
__end_of_WriteInstruction    text11       1000
__end_of__initialization     cinit        07FC
__end_of__stringtab          strings      0009
__end_of_delay               text15       0EB3
__end_of_digitalWrite        text13       0547
__end_of_lcdBegin            text2        016B
__end_of_lcdClear            text10       0D9E
__end_of_lcdPrint            text7        0E39
__end_of_lcdSetCursor        text6        0E65
__end_of_lcdWrite            text8        0DBC
__end_of_loop                text4        0303
__end_of_main                maintext     0DD0
__end_of_pinMode             text3        0424
__end_of_setup               text1        0203
__initialization             cinit        07F5
__pbssBANK0                  bssBANK0     0034
__pcstackBANK0               cstackBANK0  0020
__pcstackCOMMON              cstackCOMMON 0070
__pdataBANK0                 dataBANK0    0035
__pidataBANK0                idataBANK0   0063
__pmaintext                  maintext     0DBC
__pnvBANK0                   nvBANK0      002D
__pstrings                   strings      0003
__ptext1                     text1        016B
__ptext10                    text10       0D97
__ptext11                    text11       0F7E
__ptext12                    text12       0547
__ptext13                    text13       0424
__ptext14                    text14       0F17
__ptext15                    text15       0E65
__ptext16                    text16       0DD0
__ptext17                    text17       0DEA
__ptext18                    text18       0D9E
__ptext2                     text2        00E7
__ptext3                     text3        0303
__ptext4                     text4        0203
__ptext5                     text5        0EB3
__ptext6                     text6        0E39
__ptext7                     text7        0E0E
__ptext8                     text8        0DAB
__ptext9                     text9        0064
__size_of_ByteByNibble       (abs)        0000
__size_of_Initialization     (abs)        0000
__size_of_Movimiento         (abs)        0000
__size_of_PBRead             (abs)        0000
__size_of_PWMConfiguration   (abs)        0000
__size_of_PracticaIV         (abs)        0000
__size_of_WriteData          (abs)        0000
__size_of_WriteInstruction   (abs)        0000
__size_of_delay              (abs)        0000
__size_of_digitalWrite       (abs)        0000
__size_of_lcdBegin           (abs)        0000
__size_of_lcdClear           (abs)        0000
__size_of_lcdPrint           (abs)        0000
__size_of_lcdSetCursor       (abs)        0000
__size_of_lcdWrite           (abs)        0000
__size_of_loop               (abs)        0000
__size_of_main               (abs)        0000
__size_of_pinMode            (abs)        0000
__size_of_setup              (abs)        0000
__stringbase                 strings      0008
__stringtab                  strings      0003
_d4Pin                       nvBANK0      0030
_d5Pin                       nvBANK0      002F
_d6Pin                       nvBANK0      002E
_d7Pin                       nvBANK0      002D
_delay                       text15       0E65
_digitalWrite                text13       0424
_lcdBegin                    text2        00E7
_lcdClear                    text10       0D97
_lcdPrint                    text7        0E0E
_lcdSetCursor                text6        0E39
_lcdWrite                    text8        0DAB
_loop                        text4        0203
_main                        maintext     0DBC
_pinMode                     text3        0303
_setup                       text1        016B
btemp                        (abs)        007E
delay@i                      cstackCOMMON 0075
delay@j                      cstackCOMMON 0073
delay@milis                  cstackCOMMON 0070
digitalWrite@pin             cstackCOMMON 0073
digitalWrite@value           cstackCOMMON 0070
end_of_initialization        cinit        07FC
intlevel0                    functab      0000
intlevel1                    functab      0000
intlevel2                    functab      0000
intlevel3                    functab      0000
intlevel4                    functab      0000
intlevel5                    functab      0000
lcdBegin@EN                  cstackBANK0  0020
lcdBegin@RS                  cstackCOMMON 007D
lcdBegin@R_W                 cstackBANK0  0021
lcdBegin@d4                  cstackBANK0  0022
lcdBegin@d5                  cstackBANK0  0023
lcdBegin@d6                  cstackBANK0  0024
lcdBegin@d7                  cstackBANK0  0025
lcdPrint@i                   cstackBANK0  0020
lcdPrint@string              cstackBANK0  0022
lcdSetCursor@column          cstackCOMMON 007C
lcdSetCursor@location        cstackBANK0  0021
lcdSetCursor@row             cstackBANK0  0020
lcdWrite@data                cstackCOMMON 007C
pinMode@mode                 cstackCOMMON 0070
pinMode@pin                  cstackCOMMON 0073
reset_vec                    reset_vec    0000
setup@i                      cstackBANK0  002C
stackhi                      (abs)        0000
stacklo                      (abs)        0000
start                        init         0000
start_initialization         cinit        07F5
wtemp0                       (abs)        007E


FUNCTION INFORMATION:

 *************** function _main *****************
 Defined at:
		line 3 in file "Hormiga877.c"
 Parameters:    Size  Location     Type
		None
 Auto vars:     Size  Location     Type
		None
 Return value:  Size  Location     Type
                  2   96[None  ] int 
 Registers used:
		wreg, fsr0l, fsr0h, status,2, status,0, btemp+1, pclath, cstack
 Tracked objects:
		On entry : 
		On exit  : 
		Unchanged: 
 Data sizes:     COMMON   BANK0   BANK1   BANK3   BANK2
      Params:         0       0       0       0       0
      Locals:         0       0       0       0       0
      Temps:          0       0       0       0       0
      Totals:         0       0       0       0       0
Total ram usage:        0 bytes
 Hardware stack levels required when called:    7
 This function calls:
		_Initialization
		_loop
		_setup
 This function is called by:
		Startup code after reset
 This function uses a non-reentrant model


 *************** function _setup *****************
 Defined at:
		line 20 in file "PRACTICAS.c"
 Parameters:    Size  Location     Type
		None
 Auto vars:     Size  Location     Type
  i               1   12[BANK0 ] unsigned char 
 Return value:  Size  Location     Type
                  1    wreg      void 
 Registers used:
		wreg, fsr0l, fsr0h, status,2, status,0, btemp+1, pclath, cstack
 Tracked objects:
		On entry : 
		On exit  : 
		Unchanged: 
 Data sizes:     COMMON   BANK0   BANK1   BANK3   BANK2
      Params:         0       0       0       0       0
      Locals:         0       1       0       0       0
      Temps:          0       6       0       0       0
      Totals:         0       7       0       0       0
Total ram usage:        7 bytes
 Hardware stack levels used:    1
 Hardware stack levels required when called:    5
 This function calls:
		_delay
		_lcdBegin
		_lcdClear
		_lcdPrint
		_lcdSetCursor
		_lcdWrite
 This function is called by:
		_main
 This function uses a non-reentrant model


 *************** function _lcdBegin *****************
 Defined at:
		line 18 in file "LCD16x2.c"
 Parameters:    Size  Location     Type
  RS              1    wreg     unsigned char 
  EN              1    0[BANK0 ] unsigned char 
  R_W             1    1[BANK0 ] unsigned char 
  d4              1    2[BANK0 ] unsigned char 
  d5              1    3[BANK0 ] unsigned char 
  d6              1    4[BANK0 ] unsigned char 
  d7              1    5[BANK0 ] unsigned char 
 Auto vars:     Size  Location     Type
  RS              1   13[COMMON] unsigned char 
 Return value:  Size  Location     Type
                  1    wreg      void 
 Registers used:
		wreg, fsr0l, fsr0h, status,2, status,0, btemp+1, pclath, cstack
 Tracked objects:
		On entry : 
		On exit  : 
		Unchanged: 
 Data sizes:     COMMON   BANK0   BANK1   BANK3   BANK2
      Params:         0       6       0       0       0
      Locals:         1       0       0       0       0
      Temps:          1       0       0       0       0
      Totals:         2       6       0       0       0
Total ram usage:        8 bytes
 Hardware stack levels used:    1
 Hardware stack levels required when called:    3
 This function calls:
		_WriteInstruction
		_delay
		_pinMode
 This function is called by:
		_setup
 This function uses a non-reentrant model


 *************** function _pinMode *****************
 Defined at:
		line 57 in file "Hormiga877.c"
 Parameters:    Size  Location     Type
  pin             1    wreg     unsigned char 
  mode            1    0[COMMON] unsigned char 
 Auto vars:     Size  Location     Type
  pin             1    3[COMMON] unsigned char 
 Return value:  Size  Location     Type
                  1    wreg      void 
 Registers used:
		wreg, fsr0l, fsr0h, status,2, status,0
 Tracked objects:
		On entry : 
		On exit  : 
		Unchanged: 
 Data sizes:     COMMON   BANK0   BANK1   BANK3   BANK2
      Params:         1       0       0       0       0
      Locals:         1       0       0       0       0
      Temps:          2       0       0       0       0
      Totals:         4       0       0       0       0
Total ram usage:        4 bytes
 Hardware stack levels used:    1
 This function calls:
		Nothing
 This function is called by:
		_lcdBegin
 This function uses a non-reentrant model


 *************** function _loop *****************
 Defined at:
		line 36 in file "PRACTICAS.c"
 Parameters:    Size  Location     Type
		None
 Auto vars:     Size  Location     Type
		None
 Return value:  Size  Location     Type
                  1    wreg      void 
 Registers used:
		wreg, fsr0l, fsr0h, status,2, status,0, btemp+1, pclath, cstack
 Tracked objects:
		On entry : 
		On exit  : 
		Unchanged: 
 Data sizes:     COMMON   BANK0   BANK1   BANK3   BANK2
      Params:         0       0       0       0       0
      Locals:         0       0       0       0       0
      Temps:          0       2       0       0       0
      Totals:         0       2       0       0       0
Total ram usage:        2 bytes
 Hardware stack levels used:    1
 Hardware stack levels required when called:    6
 This function calls:
		_PBRead
		_PracticaIV
		_lcdClear
		_lcdPrint
 This function is called by:
		_main
 This function uses a non-reentrant model


 *************** function _PracticaIV *****************
 Defined at:
		line 6 in file "PracticaCuatro.c"
 Parameters:    Size  Location     Type
		None
 Auto vars:     Size  Location     Type
  MenuB           1    3[BANK0 ] unsigned char 
 Return value:  Size  Location     Type
                  1    wreg      void 
 Registers used:
		wreg, fsr0l, fsr0h, status,2, status,0, btemp+1, pclath, cstack
 Tracked objects:
		On entry : 
		On exit  : 
		Unchanged: 
 Data sizes:     COMMON   BANK0   BANK1   BANK3   BANK2
      Params:         0       0       0       0       0
      Locals:         0       1       0       0       0
      Temps:          0       0       0       0       0
      Totals:         0       1       0       0       0
Total ram usage:        1 bytes
 Hardware stack levels used:    1
 Hardware stack levels required when called:    5
 This function calls:
		_Movimiento
		_PBRead
		_lcdClear
		_lcdPrint
		_lcdSetCursor
 This function is called by:
		_loop
 This function uses a non-reentrant model


 *************** function _lcdSetCursor *****************
 Defined at:
		line 45 in file "LCD16x2.c"
 Parameters:    Size  Location     Type
  row             1    wreg     unsigned char 
  column          1   12[COMMON] unsigned char 
 Auto vars:     Size  Location     Type
  row             1    0[BANK0 ] unsigned char 
  location        1    1[BANK0 ] unsigned char 
 Return value:  Size  Location     Type
                  1    wreg      void 
 Registers used:
		wreg, fsr0l, fsr0h, status,2, status,0, btemp+1, pclath, cstack
 Tracked objects:
		On entry : 
		On exit  : 
		Unchanged: 
 Data sizes:     COMMON   BANK0   BANK1   BANK3   BANK2
      Params:         1       0       0       0       0
      Locals:         0       2       0       0       0
      Temps:          1       0       0       0       0
      Totals:         2       2       0       0       0
Total ram usage:        4 bytes
 Hardware stack levels used:    1
 Hardware stack levels required when called:    3
 This function calls:
		_WriteInstruction
 This function is called by:
		_setup
		_PracticaIV
 This function uses a non-reentrant model


 *************** function _lcdPrint *****************
 Defined at:
		line 69 in file "LCD16x2.c"
 Parameters:    Size  Location     Type
  string          1    wreg     PTR unsigned char 
		 -> STR_6(17), STR_5(15), STR_4(11), STR_3(11), 
		 -> STR_2(11), STR_1(17), 
 Auto vars:     Size  Location     Type
  string          1    2[BANK0 ] PTR unsigned char 
		 -> STR_6(17), STR_5(15), STR_4(11), STR_3(11), 
		 -> STR_2(11), STR_1(17), 
  i               2    0[BANK0 ] int 
 Return value:  Size  Location     Type
                  1    wreg      void 
 Registers used:
		wreg, fsr0l, fsr0h, status,2, status,0, btemp+1, pclath, cstack
 Tracked objects:
		On entry : 
		On exit  : 
		Unchanged: 
 Data sizes:     COMMON   BANK0   BANK1   BANK3   BANK2
      Params:         0       0       0       0       0
      Locals:         0       3       0       0       0
      Temps:          0       0       0       0       0
      Totals:         0       3       0       0       0
Total ram usage:        3 bytes
 Hardware stack levels used:    1
 Hardware stack levels required when called:    4
 This function calls:
		_lcdWrite
 This function is called by:
		_setup
		_loop
		_PracticaIV
 This function uses a non-reentrant model


 *************** function _lcdWrite *****************
 Defined at:
		line 63 in file "LCD16x2.c"
 Parameters:    Size  Location     Type
  data            1    wreg     unsigned char 
 Auto vars:     Size  Location     Type
  data            1   12[COMMON] unsigned char 
 Return value:  Size  Location     Type
                  1    wreg      void 
 Registers used:
		wreg, fsr0l, fsr0h, status,2, status,0, btemp+1, pclath, cstack
 Tracked objects:
		On entry : 
		On exit  : 
		Unchanged: 
 Data sizes:     COMMON   BANK0   BANK1   BANK3   BANK2
      Params:         0       0       0       0       0
      Locals:         1       0       0       0       0
      Temps:          0       0       0       0       0
      Totals:         1       0       0       0       0
Total ram usage:        1 bytes
 Hardware stack levels used:    1
 Hardware stack levels required when called:    3
 This function calls:
		_WriteData
		_delay
 This function is called by:
		_lcdPrint
		_setup
 This function uses a non-reentrant model


 *************** function _WriteData *****************
 Defined at:
		line 101 in file "LCD16x2.c"
 Parameters:    Size  Location     Type
  data            1    wreg     unsigned char 
 Auto vars:     Size  Location     Type
  data            1   10[COMMON] unsigned char 
  MSNibble        1   11[COMMON] unsigned char 
  LSNibble        1    9[COMMON] unsigned char 
 Return value:  Size  Location     Type
                  1    wreg      void 
 Registers used:
		wreg, fsr0l, fsr0h, status,2, status,0, btemp+1, pclath, cstack
 Tracked objects:
		On entry : 
		On exit  : 
		Unchanged: 
 Data sizes:     COMMON   BANK0   BANK1   BANK3   BANK2
      Params:         0       0       0       0       0
      Locals:         3       0       0       0       0
      Temps:          2       0       0       0       0
      Totals:         5       0       0       0       0
Total ram usage:        5 bytes
 Hardware stack levels used:    1
 Hardware stack levels required when called:    2
 This function calls:
		_ByteByNibble
		_delay
		_digitalWrite
 This function is called by:
		_lcdWrite
 This function uses a non-reentrant model


 *************** function _lcdClear *****************
 Defined at:
		line 41 in file "LCD16x2.c"
 Parameters:    Size  Location     Type
		None
 Auto vars:     Size  Location     Type
		None
 Return value:  Size  Location     Type
                  1    wreg      void 
 Registers used:
		wreg, fsr0l, fsr0h, status,2, status,0, btemp+1, pclath, cstack
 Tracked objects:
		On entry : 
		On exit  : 
		Unchanged: 
 Data sizes:     COMMON   BANK0   BANK1   BANK3   BANK2
      Params:         0       0       0       0       0
      Locals:         0       0       0       0       0
      Temps:          0       0       0       0       0
      Totals:         0       0       0       0       0
Total ram usage:        0 bytes
 Hardware stack levels used:    1
 Hardware stack levels required when called:    3
 This function calls:
		_WriteInstruction
 This function is called by:
		_setup
		_loop
		_PracticaIV
 This function uses a non-reentrant model


 *************** function _WriteInstruction *****************
 Defined at:
		line 78 in file "LCD16x2.c"
 Parameters:    Size  Location     Type
  instruction     1    wreg     unsigned char 
 Auto vars:     Size  Location     Type
  instruction     1   10[COMMON] unsigned char 
  MSNibble        1   11[COMMON] unsigned char 
  LSNibble        1    9[COMMON] unsigned char 
 Return value:  Size  Location     Type
                  1    wreg      void 
 Registers used:
		wreg, fsr0l, fsr0h, status,2, status,0, btemp+1, pclath, cstack
 Tracked objects:
		On entry : 
		On exit  : 
		Unchanged: 
 Data sizes:     COMMON   BANK0   BANK1   BANK3   BANK2
      Params:         0       0       0       0       0
      Locals:         3       0       0       0       0
      Temps:          2       0       0       0       0
      Totals:         5       0       0       0       0
Total ram usage:        5 bytes
 Hardware stack levels used:    1
 Hardware stack levels required when called:    2
 This function calls:
		_ByteByNibble
		_delay
		_digitalWrite
 This function is called by:
		_lcdBegin
		_lcdClear
		_lcdSetCursor
 This function uses a non-reentrant model


 *************** function _ByteByNibble *****************
 Defined at:
		line 124 in file "LCD16x2.c"
 Parameters:    Size  Location     Type
  NibbleValue     1    wreg     unsigned char 
 Auto vars:     Size  Location     Type
  NibbleValue     1    6[COMMON] unsigned char 
 Return value:  Size  Location     Type
                  1    wreg      void 
 Registers used:
		wreg, fsr0l, fsr0h, status,2, status,0, pclath, cstack
 Tracked objects:
		On entry : 
		On exit  : 
		Unchanged: 
 Data sizes:     COMMON   BANK0   BANK1   BANK3   BANK2
      Params:         0       0       0       0       0
      Locals:         1       0       0       0       0
      Temps:          2       0       0       0       0
      Totals:         3       0       0       0       0
Total ram usage:        3 bytes
 Hardware stack levels used:    1
 Hardware stack levels required when called:    1
 This function calls:
		_digitalWrite
 This function is called by:
		_WriteInstruction
		_WriteData
 This function uses a non-reentrant model


 *************** function _digitalWrite *****************
 Defined at:
		line 163 in file "Hormiga877.c"
 Parameters:    Size  Location     Type
  pin             1    wreg     unsigned char 
  value           1    0[COMMON] unsigned char 
 Auto vars:     Size  Location     Type
  pin             1    3[COMMON] unsigned char 
 Return value:  Size  Location     Type
                  1    wreg      void 
 Registers used:
		wreg, fsr0l, fsr0h, status,2, status,0
 Tracked objects:
		On entry : 
		On exit  : 
		Unchanged: 
 Data sizes:     COMMON   BANK0   BANK1   BANK3   BANK2
      Params:         1       0       0       0       0
      Locals:         1       0       0       0       0
      Temps:          2       0       0       0       0
      Totals:         4       0       0       0       0
Total ram usage:        4 bytes
 Hardware stack levels used:    1
 This function calls:
		Nothing
 This function is called by:
		_WriteInstruction
		_WriteData
		_ByteByNibble
 This function uses a non-reentrant model


 *************** function _PBRead *****************
 Defined at:
		line 422 in file "Hormiga877.c"
 Parameters:    Size  Location     Type
  pin             1    wreg     unsigned char 
 Auto vars:     Size  Location     Type
  pin             1    9[COMMON] unsigned char 
 Return value:  Size  Location     Type
                  1    wreg      unsigned char 
 Registers used:
		wreg, fsr0l, fsr0h, status,2, status,0, btemp+1, pclath, cstack
 Tracked objects:
		On entry : 
		On exit  : 
		Unchanged: 
 Data sizes:     COMMON   BANK0   BANK1   BANK3   BANK2
      Params:         0       0       0       0       0
      Locals:         1       0       0       0       0
      Temps:          2       0       0       0       0
      Totals:         3       0       0       0       0
Total ram usage:        3 bytes
 Hardware stack levels used:    1
 Hardware stack levels required when called:    1
 This function calls:
		_delay
 This function is called by:
		_loop
		_PracticaIV
 This function uses a non-reentrant model


 *************** function _delay *****************
 Defined at:
		line 573 in file "Hormiga877.c"
 Parameters:    Size  Location     Type
  milis           2    0[COMMON] const int 
 Auto vars:     Size  Location     Type
  i               2    5[COMMON] int 
  j               2    3[COMMON] int 
 Return value:  Size  Location     Type
                  1    wreg      void 
 Registers used:
		wreg, status,2, btemp+1
 Tracked objects:
		On entry : 
		On exit  : 
		Unchanged: 
 Data sizes:     COMMON   BANK0   BANK1   BANK3   BANK2
      Params:         2       0       0       0       0
      Locals:         4       0       0       0       0
      Temps:          1       0       0       0       0
      Totals:         7       0       0       0       0
Total ram usage:        7 bytes
 Hardware stack levels used:    1
 This function calls:
		Nothing
 This function is called by:
		_PBRead
		_lcdBegin
		_lcdWrite
		_WriteInstruction
		_WriteData
		_setup
 This function uses a non-reentrant model


 *************** function _Movimiento *****************
 Defined at:
		line 35 in file "PracticaCuatro.c"
 Parameters:    Size  Location     Type
  Mode            1    wreg     unsigned char 
 Auto vars:     Size  Location     Type
  Mode            1    2[COMMON] unsigned char 
 Return value:  Size  Location     Type
                  1    wreg      void 
 Registers used:
		wreg, fsr0l, fsr0h, status,2, status,0
 Tracked objects:
		On entry : 
		On exit  : 
		Unchanged: 
 Data sizes:     COMMON   BANK0   BANK1   BANK3   BANK2
      Params:         0       0       0       0       0
      Locals:         1       0       0       0       0
      Temps:          2       0       0       0       0
      Totals:         3       0       0       0       0
Total ram usage:        3 bytes
 Hardware stack levels used:    1
 This function calls:
		Nothing
 This function is called by:
		_PracticaIV
 This function uses a non-reentrant model


 *************** function _Initialization *****************
 Defined at:
		line 14 in file "Hormiga877.c"
 Parameters:    Size  Location     Type
		None
 Auto vars:     Size  Location     Type
		None
 Return value:  Size  Location     Type
                  1    wreg      void 
 Registers used:
		wreg, status,2, status,0, pclath, cstack
 Tracked objects:
		On entry : 
		On exit  : 
		Unchanged: 
 Data sizes:     COMMON   BANK0   BANK1   BANK3   BANK2
      Params:         0       0       0       0       0
      Locals:         0       0       0       0       0
      Temps:          0       0       0       0       0
      Totals:         0       0       0       0       0
Total ram usage:        0 bytes
 Hardware stack levels used:    1
 Hardware stack levels required when called:    1
 This function calls:
		_PWMConfiguration
 This function is called by:
		_main
 This function uses a non-reentrant model


 *************** function _PWMConfiguration *****************
 Defined at:
		line 43 in file "Hormiga877.c"
 Parameters:    Size  Location     Type
		None
 Auto vars:     Size  Location     Type
		None
 Return value:  Size  Location     Type
                  1    wreg      void 
 Registers used:
		wreg
 Tracked objects:
		On entry : 
		On exit  : 
		Unchanged: 
 Data sizes:     COMMON   BANK0   BANK1   BANK3   BANK2
      Params:         0       0       0       0       0
      Locals:         0       0       0       0       0
      Temps:          0       0       0       0       0
      Totals:         0       0       0       0       0
Total ram usage:        0 bytes
 Hardware stack levels used:    1
 This function calls:
		Nothing
 This function is called by:
		_Initialization
 This function uses a non-reentrant model



MODULE INFORMATION

Module		Function		Class		Link	Load	Size
LCD16x2.c
		_lcdSetCursor  		CODE           	0E39	0000	45
		_WriteInstruction		CODE           	0F7E	0000	131
		_lcdBegin      		CODE           	00E7	0000	133
		_WriteData     		CODE           	0064	0000	132
		_lcdClear      		CODE           	0D97	0000	8
		_lcdWrite      		CODE           	0DAB	0000	18
		_ByteByNibble  		CODE           	0547	0000	687
		_lcdPrint      		CODE           	0E0E	0000	44

LCD16x2.c estimated size: 1198

PracticaCuatro.c
		_PracticaIV    		CODE           	0EB3	0000	101
		_Movimiento    		CODE           	0DD0	0000	27

PracticaCuatro.c estimated size: 128

shared
		_RnW           		STRING         	000D	0000	2
		__stringtab    		STRING         	0003	0000	7
		_En            		STRING         	000E	0000	2
		__initialization		CODE           	07F5	0000	8
		_RS            		STRING         	000F	0000	2
		_D4            		STRING         	000C	0000	2
		_D5            		STRING         	000B	0000	2
		_D6            		STRING         	000A	0000	2
		_D7            		STRING         	0009	0000	2

shared estimated size: 29

Hormiga877.c
		_delay         		CODE           	0E65	0000	79
		_PWMConfiguration		CODE           	0D9E	0000	14
		_main          		CODE           	0DBC	0000	21
		_digitalWrite  		CODE           	0424	0000	292
		_PBRead        		CODE           	0F17	0000	104
		_Initialization		CODE           	0DEA	0000	37
		_pinMode       		CODE           	0303	0000	290

Hormiga877.c estimated size: 837

PRACTICAS.c
		_loop          		CODE           	0203	0000	257
		_setup         		CODE           	016B	0000	153

PRACTICAS.c estimated size: 410

