Microchip MPLAB XC8 Compiler V2.00 ()

Linker command line:

-W-3 --edf=C:\Program Files (x86)\Microchip\xc8\v2.00\pic\dat\en_msgs.txt \
  -cs -h+dist/default/production\Hormiga_877_RevA.X.production.sym \
  --cmf=dist/default/production\Hormiga_877_RevA.X.production.cmf -z \
  -Q16F877A -oC:\Users\c4810\AppData\Local\Temp\s7f0.2 \
  --defsym=__MPLAB_BUILD=1 \
  -Mdist/default/production/Hormiga_877_RevA.X.production.map -E1 -ver=XC8 \
  --acfsm=1493 -ASTACK=0110h-016fh -pstack=STACK -ACODE=00h-07FFhx4 \
  -ASTRCODE=00h-01FFFh -ASTRING=00h-0FFhx32 -ACONST=00h-0FFhx32 \
  -AENTRY=00h-0FFhx32 -ACOMMON=070h-07Fh -ABANK0=020h-06Fh \
  -ABANK1=0A0h-0EFh -ABANK2=0110h-016Fh -ABANK3=0190h-01EFh \
  -ARAM=020h-06Fh,0A0h-0EFh,0110h-016Fh,0190h-01EFh \
  -AABS1=020h-07Fh,0A0h-0EFh,0110h-016Fh,0190h-01EFh -ASFR0=00h-01Fh \
  -ASFR1=080h-09Fh -ASFR2=0100h-010Fh -ASFR3=0180h-018Fh \
  -preset_vec=00h,intentry,init,end_init -ppowerup=CODE -pcinit=CODE \
  -pfunctab=ENTRY -ACONFIG=02007h-02007h -pconfig=CONFIG -DCONFIG=2 \
  -AIDLOC=02000h-02003h -pidloc=IDLOC -DIDLOC=2 -AEEDATA=00h-0FFh/02100h \
  -peeprom_data=EEDATA -DEEDATA=2 -DCODE=2 -DSTRCODE=2 -DSTRING=2 -DCONST=2 \
  -DENTRY=2 -k C:\Users\c4810\AppData\Local\Temp\s7f0.o \
  dist/default/production\Hormiga_877_RevA.X.production.o 

Object code version is 3.11

Machine type is 16F877A



                Name                               Link     Load   Length Selector   Space Scale
C:\Users\c4810\AppData\Local\Temp\s7f0.o
                end_init                              0        0        3        0       0
                idloc                              2000     2000        4     4000       0
                config                             2007     2007        1     400E       0
dist/default/production\Hormiga_877_RevA.X.production.o
                cinit                               7F3      7F3        D      FE6       0
                text14                              FF1      FF1        F     1FE2       0
                text13                               79       79       2C       F2       0
                text12                              FF0      FF0        1     1FE0       0
                text11                              422      422      123      844       0
                text10                              545      545      2AE      A8A       0
                text9                                D1       D1       4E      1A2       0
                text8                               178      178       82      2F0       0
                text7                               301      301      121      602       0
                text6                               27D      27D       84      4FA       0
                text5                               1FA      1FA       83      3F4       0
                text4                                29       29       11       52       0
                text3                                4E       4E       2B       9C       0
                text2                                A5       A5       2C      14A       0
                text1                               11F      11F       59      23E       0
                maintext                             3A       3A       14       74       0
                cstackBANK0                          3F       3F        C       20       1
                cstackCOMMON                         70       70        E       70       1
                clrtext                              21       21        8       42       0
                bssBANK0                             20       20       1F       20       1
                nvBANK0                              4B       4B        7       20       1
                strings                               3        3       1E        6       0

TOTAL           Name                               Link     Load   Length     Space
        CLASS   STACK          

        CLASS   CODE           
                end_init                              0        0        3         0
                cinit                               7F3      7F3        D         0
                text14                              FF1      FF1        F         0
                text13                               79       79       2C         0
                text12                              FF0      FF0        1         0
                text11                              422      422      123         0
                text10                              545      545      2AE         0
                text9                                D1       D1       4E         0
                text8                               178      178       82         0
                text7                               301      301      121         0
                text6                               27D      27D       84         0
                text5                               1FA      1FA       83         0
                text4                                29       29       11         0
                text3                                4E       4E       2B         0
                text2                                A5       A5       2C         0
                text1                               11F      11F       59         0
                maintext                             3A       3A       14         0
                clrtext                              21       21        8         0

        CLASS   STRCODE        

        CLASS   STRING         
                strings                               3        3       1E         0

        CLASS   CONST          

        CLASS   ENTRY          

        CLASS   COMMON         
                cstackCOMMON                         70       70        E         1

        CLASS   BANK0          
                cstackBANK0                          3F       3F        C         1
                bssBANK0                             20       20       1F         1
                nvBANK0                              4B       4B        7         1

        CLASS   BANK1          

        CLASS   BANK2          

        CLASS   BANK3          

        CLASS   RAM            

        CLASS   ABS1           
                abs_s1                               7E       7E        2         1

        CLASS   SFR0           

        CLASS   SFR1           

        CLASS   SFR2           

        CLASS   SFR3           

        CLASS   CONFIG         
                config                             2007     2007        1         0

        CLASS   IDLOC          
                idloc                              2000     2000        4         0

        CLASS   EEDATA         



SEGMENTS        Name                           Load    Length   Top    Selector   Space  Class     Delta

                reset_vec                      000000  000003  000003         0       0  CODE        2
                strings                        000003  00001E  000021         6       0  STRING      2
                bssBANK0                       000020  000032  000052        20       1  BANK0       1
                clrtext                        000021  000008  000029        42       0  CODE        2
                text4                          000029  000011  00003A        52       0  CODE        2
                cstackCOMMON                   000070  00000E  00007E        70       1  COMMON      1
                maintext                       00003A  000014  00004E        74       0  CODE        2
                text3                          00004E  00002B  000079        9C       0  CODE        2
                text13                         000079  00002C  0000A5        F2       0  CODE        2
                text2                          0000A5  00002C  0000D1       14A       0  CODE        2
                text9                          0000D1  00004E  00011F       1A2       0  CODE        2
                text1                          00011F  000059  000178       23E       0  CODE        2
                text8                          000178  000082  0001FA       2F0       0  CODE        2
                text5                          0001FA  000083  00027D       3F4       0  CODE        2
                text6                          00027D  000084  000301       4FA       0  CODE        2
                text7                          000301  000121  000422       602       0  CODE        2
                text11                         000422  000123  000545       844       0  CODE        2
                text10                         000545  0002AE  0007F3       A8A       0  CODE        2
                cinit                          0007F3  00000D  000800       FE6       0  CODE        2
                text12                         000FF0  000001  000FF1      1FE0       0  CODE        2
                text14                         000FF1  00000F  001000      1FE2       0  CODE        2
                idloc                          002000  000004  002004      4000       0  IDLOC       2
                config                         002007  000001  002008      400E       0  CONFIG      2


UNUSED ADDRESS RANGES

        Name                Unused          Largest block    Delta
        BANK0            0052-006F             1E           1
        BANK1            00A0-00EF             50           1
        BANK2            0110-016F             60           1
        BANK3            0190-01EF             60           1
        CODE             0800-0FEF            7F0           2
                         1000-1FFF            800
        CONST            0800-0FEF            100           2
                         1000-1FFF            100
        EEDATA           2100-21FF            100           2
        ENTRY            0800-0FEF            100           2
                         1000-1FFF            100
        RAM              0052-006F             1E           1
                         00A0-00EF             50
                         0110-016F             60
                         0190-01EF             60
        SFR0             0000-001F             20           1
        SFR1             0080-009F             20           1
        SFR2             0100-010F             10           1
        SFR3             0180-018F             10           1
        STACK            0110-016F             60           1
        STRCODE          0800-0FEF            7F0           2
                         1000-1FFF           1000
        STRING           0800-0FEF            100           2
                         1000-1FFF            100

                                  Symbol Table

ByteByNibble@NibbleValue     cstackCOMMON 0076
WriteData@LSNibble           cstackCOMMON 0079
WriteData@MSNibble           cstackCOMMON 007B
WriteData@data               cstackCOMMON 007A
WriteInstruction@LSNibble    cstackCOMMON 0079
WriteInstruction@MSNibble    cstackCOMMON 007B
WriteInstruction@instruction cstackCOMMON 007A
_ADCON0                      (abs)        001F
_ADCON0bits                  (abs)        001F
_ADCON1                      (abs)        009F
_ADRESH                      (abs)        001E
_ADRESL                      (abs)        009E
_BRGH                        (abs)        04C2
_ByteByNibble                text10       0545
_CCP1CON                     (abs)        0017
_CCP1X                       (abs)        00BD
_CCP1Y                       (abs)        00BC
_CCP2CON                     (abs)        001D
_CCP2X                       (abs)        00ED
_CCP2Y                       (abs)        00EC
_CCPR1L                      (abs)        0015
_CCPR2L                      (abs)        001B
_CREN                        (abs)        00C4
_D4                          strings      000C
_D5                          strings      000B
_D6                          strings      000A
_D7                          strings      0009
_EN                          strings      000E
_ENPin                       nvBANK0      0050
_FERR                        (abs)        00C2
_Initialization              text13       0079
_OERR                        (abs)        00C1
_OPTION_REG                  (abs)        0081
_PID                         bssBANK0     0030
_PORTAbits                   (abs)        0005
_PORTB                       (abs)        0006
_PORTBbits                   (abs)        0006
_PORTC                       (abs)        0007
_PORTCbits                   (abs)        0007
_PORTDbits                   (abs)        0008
_PORTE                       (abs)        0009
_PORTEbits                   (abs)        0009
_PR2                         (abs)        0092
_PWMConfiguration            text14       0FF1
_RCIF                        (abs)        0065
_RCREG                       (abs)        001A
_RS                          strings      000F
_RSPin                       nvBANK0      0051
_RWPin                       nvBANK0      004F
_RnW                         strings      000D
_SPBRG                       (abs)        0099
_SPEN                        (abs)        00C7
_SYNC                        (abs)        04C4
_T2CON                       (abs)        0012
_TMR0                        (abs)        0001
_TMR0IF                      (abs)        005A
_TRISAbits                   (abs)        0085
_TRISB                       (abs)        0086
_TRISBbits                   (abs)        0086
_TRISC                       (abs)        0087
_TRISC6                      (abs)        043E
_TRISC7                      (abs)        043F
_TRISCbits                   (abs)        0087
_TRISDbits                   (abs)        0088
_TRISE                       (abs)        0089
_TRMT                        (abs)        04C1
_TXEN                        (abs)        04C5
_TXIF                        (abs)        0064
_TXREG                       (abs)        0019
_WriteData                   text5        01FA
_WriteInstruction            text8        0178
__CFG_BOREN$OFF              (abs)        0000
__CFG_CP$OFF                 (abs)        0000
__CFG_CPD$OFF                (abs)        0000
__CFG_FOSC$HS                (abs)        0000
__CFG_LVP$ON                 (abs)        0000
__CFG_PWRTE$OFF              (abs)        0000
__CFG_WDTE$OFF               (abs)        0000
__CFG_WRT$OFF                (abs)        0000
__Habs1                      abs1         0000
__Hbank0                     bank0        0000
__Hbank1                     bank1        0000
__Hbank2                     bank2        0000
__Hbank3                     bank3        0000
__HbssBANK0                  bssBANK0     0000
__Hcinit                     cinit        0800
__Hclrtext                   clrtext      0000
__Hcode                      code         0000
__Hcommon                    common       0000
__Hconfig                    config       2008
__HcstackBANK0               cstackBANK0  0000
__HcstackCOMMON              cstackCOMMON 0000
__Heeprom_data               eeprom_data  0000
__Hend_init                  end_init     0003
__Hfunctab                   functab      0000
__Hidloc                     idloc        2004
__Hinit                      init         0000
__Hintentry                  intentry     0000
__Hmaintext                  maintext     0000
__HnvBANK0                   nvBANK0      0000
__Hpowerup                   powerup      0000
__Hram                       ram          0000
__Hreset_vec                 reset_vec    0000
__Hsfr0                      sfr0         0000
__Hsfr1                      sfr1         0000
__Hsfr2                      sfr2         0000
__Hsfr3                      sfr3         0000
__Hspace_0                   (abs)        2008
__Hspace_1                   (abs)        007E
__Hspace_2                   (abs)        0000
__Hspace_3                   (abs)        0000
__Hstack                     stack        0000
__Hstrings                   strings      0000
__Htext                      text         0000
__Labs1                      abs1         0000
__Lbank0                     bank0        0000
__Lbank1                     bank1        0000
__Lbank2                     bank2        0000
__Lbank3                     bank3        0000
__LbssBANK0                  bssBANK0     0000
__Lcinit                     cinit        07F3
__Lclrtext                   clrtext      0000
__Lcode                      code         0000
__Lcommon                    common       0000
__Lconfig                    config       2007
__LcstackBANK0               cstackBANK0  0000
__LcstackCOMMON              cstackCOMMON 0000
__Leeprom_data               eeprom_data  0000
__Lend_init                  end_init     0000
__Lfunctab                   functab      0000
__Lidloc                     idloc        2000
__Linit                      init         0000
__Lintentry                  intentry     0000
__Lmaintext                  maintext     0000
__LnvBANK0                   nvBANK0      0000
__Lpowerup                   powerup      0000
__Lram                       ram          0000
__Lreset_vec                 reset_vec    0000
__Lsfr0                      sfr0         0000
__Lsfr1                      sfr1         0000
__Lsfr2                      sfr2         0000
__Lsfr3                      sfr3         0000
__Lspace_0                   (abs)        0000
__Lspace_1                   (abs)        0000
__Lspace_2                   (abs)        0000
__Lspace_3                   (abs)        0000
__Lstack                     stack        0000
__Lstrings                   strings      0000
__Ltext                      text         0000
__S0                         (abs)        2008
__S1                         (abs)        007E
__S2                         (abs)        0000
__S3                         (abs)        0000
___int_sp                    stack        0000
___latbits                   (abs)        0002
___sp                        stack        0000
__end_of_ByteByNibble        text10       07F3
__end_of_D4                  strings      000D
__end_of_D5                  strings      000C
__end_of_D6                  strings      000B
__end_of_D7                  strings      000A
__end_of_EN                  strings      000F
__end_of_Initialization      text13       00A5
__end_of_PWMConfiguration    text14       1000
__end_of_RS                  strings      0010
__end_of_RnW                 strings      000E
__end_of_WriteData           text5        027D
__end_of_WriteInstruction    text8        01FA
__end_of__initialization     cinit        07FC
__end_of__stringtab          strings      0009
__end_of_delay               text9        011F
__end_of_digitalWrite        text11       0545
__end_of_lcdBegin            text6        0301
__end_of_lcdPrint            text3        0079
__end_of_lcdSetCursor        text2        00D1
__end_of_lcdWrite            text4        003A
__end_of_loop                text12       0FF1
__end_of_main                maintext     004E
__end_of_pinMode             text7        0422
__end_of_setup               text1        0178
__initialization             cinit        07F3
__pbssBANK0                  bssBANK0     0020
__pcstackBANK0               cstackBANK0  003F
__pcstackCOMMON              cstackCOMMON 0070
__pmaintext                  maintext     003A
__pnvBANK0                   nvBANK0      004B
__pstrings                   strings      0003
__ptext1                     text1        011F
__ptext10                    text10       0545
__ptext11                    text11       0422
__ptext12                    text12       0FF0
__ptext13                    text13       0079
__ptext14                    text14       0FF1
__ptext2                     text2        00A5
__ptext3                     text3        004E
__ptext4                     text4        0029
__ptext5                     text5        01FA
__ptext6                     text6        027D
__ptext7                     text7        0301
__ptext8                     text8        0178
__ptext9                     text9        00D1
__size_of_ByteByNibble       (abs)        0000
__size_of_Initialization     (abs)        0000
__size_of_PWMConfiguration   (abs)        0000
__size_of_WriteData          (abs)        0000
__size_of_WriteInstruction   (abs)        0000
__size_of_delay              (abs)        0000
__size_of_digitalWrite       (abs)        0000
__size_of_lcdBegin           (abs)        0000
__size_of_lcdPrint           (abs)        0000
__size_of_lcdSetCursor       (abs)        0000
__size_of_lcdWrite           (abs)        0000
__size_of_loop               (abs)        0000
__size_of_main               (abs)        0000
__size_of_pinMode            (abs)        0000
__size_of_setup              (abs)        0000
__stringbase                 strings      0008
__stringtab                  strings      0003
_d4Pin                       nvBANK0      004E
_d5Pin                       nvBANK0      004D
_d6Pin                       nvBANK0      004C
_d7Pin                       nvBANK0      004B
_delay                       text9        00D1
_digitalWrite                text11       0422
_lcdBegin                    text6        027D
_lcdPrint                    text3        004E
_lcdSetCursor                text2        00A5
_lcdWrite                    text4        0029
_loop                        text12       0FF0
_main                        maintext     003A
_pinMode                     text7        0301
_setup                       text1        011F
btemp                        (abs)        007E
clear_ram0                   clrtext      0021
delay@i                      cstackCOMMON 0075
delay@j                      cstackCOMMON 0073
delay@milis                  cstackCOMMON 0070
digitalWrite@pin             cstackCOMMON 0073
digitalWrite@value           cstackCOMMON 0070
end_of_initialization        cinit        07FC
intlevel0                    functab      0000
intlevel1                    functab      0000
intlevel2                    functab      0000
intlevel3                    functab      0000
intlevel4                    functab      0000
intlevel5                    functab      0000
lcdBegin@EN                  cstackBANK0  003F
lcdBegin@RS                  cstackCOMMON 007D
lcdBegin@R_W                 cstackBANK0  0040
lcdBegin@d4                  cstackBANK0  0041
lcdBegin@d5                  cstackBANK0  0042
lcdBegin@d6                  cstackBANK0  0043
lcdBegin@d7                  cstackBANK0  0044
lcdPrint@i                   cstackBANK0  003F
lcdPrint@string              cstackBANK0  0041
lcdSetCursor@column          cstackCOMMON 007C
lcdSetCursor@location        cstackBANK0  0040
lcdSetCursor@row             cstackBANK0  003F
lcdWrite@data                cstackCOMMON 007C
pinMode@mode                 cstackCOMMON 0070
pinMode@pin                  cstackCOMMON 0073
reset_vec                    reset_vec    0000
stackhi                      (abs)        0000
stacklo                      (abs)        0000
start                        init         0000
start_initialization         cinit        07F3
wtemp0                       (abs)        007E


FUNCTION INFORMATION:

 *************** function _main *****************
 Defined at:
		line 3 in file "Hormiga877.c"
 Parameters:    Size  Location     Type
		None
 Auto vars:     Size  Location     Type
		None
 Return value:  Size  Location     Type
                  2  132[None  ] int 
 Registers used:
		wreg, fsr0l, fsr0h, status,2, status,0, btemp+1, pclath, cstack
 Tracked objects:
		On entry : 
		On exit  : 
		Unchanged: 
 Data sizes:     COMMON   BANK0   BANK1   BANK3   BANK2
      Params:         0       0       0       0       0
      Locals:         0       0       0       0       0
      Temps:          0       0       0       0       0
      Totals:         0       0       0       0       0
Total ram usage:        0 bytes
 Hardware stack levels required when called:    6
 This function calls:
		_Initialization
		_loop
		_setup
 This function is called by:
		Startup code after reset
 This function uses a non-reentrant model


 *************** function _setup *****************
 Defined at:
		line 14 in file "application.c"
 Parameters:    Size  Location     Type
		None
 Auto vars:     Size  Location     Type
		None
 Return value:  Size  Location     Type
                  1    wreg      void 
 Registers used:
		wreg, fsr0l, fsr0h, status,2, status,0, btemp+1, pclath, cstack
 Tracked objects:
		On entry : 
		On exit  : 
		Unchanged: 
 Data sizes:     COMMON   BANK0   BANK1   BANK3   BANK2
      Params:         0       0       0       0       0
      Locals:         0       0       0       0       0
      Temps:          0       6       0       0       0
      Totals:         0       6       0       0       0
Total ram usage:        6 bytes
 Hardware stack levels used:    1
 Hardware stack levels required when called:    5
 This function calls:
		_lcdBegin
		_lcdPrint
		_lcdSetCursor
 This function is called by:
		_main
 This function uses a non-reentrant model


 *************** function _lcdSetCursor *****************
 Defined at:
		line 45 in file "LCD16x2.c"
 Parameters:    Size  Location     Type
  row             1    wreg     unsigned char 
  column          1   12[COMMON] unsigned char 
 Auto vars:     Size  Location     Type
  row             1    0[BANK0 ] unsigned char 
  location        1    1[BANK0 ] unsigned char 
 Return value:  Size  Location     Type
                  1    wreg      void 
 Registers used:
		wreg, fsr0l, fsr0h, status,2, status,0, btemp+1, pclath, cstack
 Tracked objects:
		On entry : 
		On exit  : 
		Unchanged: 
 Data sizes:     COMMON   BANK0   BANK1   BANK3   BANK2
      Params:         1       0       0       0       0
      Locals:         0       2       0       0       0
      Temps:          1       0       0       0       0
      Totals:         2       2       0       0       0
Total ram usage:        4 bytes
 Hardware stack levels used:    1
 Hardware stack levels required when called:    3
 This function calls:
		_WriteInstruction
 This function is called by:
		_setup
 This function uses a non-reentrant model


 *************** function _lcdPrint *****************
 Defined at:
		line 69 in file "LCD16x2.c"
 Parameters:    Size  Location     Type
  string          1    wreg     PTR unsigned char 
		 -> STR_1(17), 
 Auto vars:     Size  Location     Type
  string          1    2[BANK0 ] PTR unsigned char 
		 -> STR_1(17), 
  i               2    0[BANK0 ] int 
 Return value:  Size  Location     Type
                  1    wreg      void 
 Registers used:
		wreg, fsr0l, fsr0h, status,2, status,0, btemp+1, pclath, cstack
 Tracked objects:
		On entry : 
		On exit  : 
		Unchanged: 
 Data sizes:     COMMON   BANK0   BANK1   BANK3   BANK2
      Params:         0       0       0       0       0
      Locals:         0       3       0       0       0
      Temps:          0       0       0       0       0
      Totals:         0       3       0       0       0
Total ram usage:        3 bytes
 Hardware stack levels used:    1
 Hardware stack levels required when called:    4
 This function calls:
		_lcdWrite
 This function is called by:
		_setup
 This function uses a non-reentrant model


 *************** function _lcdWrite *****************
 Defined at:
		line 63 in file "LCD16x2.c"
 Parameters:    Size  Location     Type
  data            1    wreg     unsigned char 
 Auto vars:     Size  Location     Type
  data            1   12[COMMON] unsigned char 
 Return value:  Size  Location     Type
                  1    wreg      void 
 Registers used:
		wreg, fsr0l, fsr0h, status,2, status,0, btemp+1, pclath, cstack
 Tracked objects:
		On entry : 
		On exit  : 
		Unchanged: 
 Data sizes:     COMMON   BANK0   BANK1   BANK3   BANK2
      Params:         0       0       0       0       0
      Locals:         1       0       0       0       0
      Temps:          0       0       0       0       0
      Totals:         1       0       0       0       0
Total ram usage:        1 bytes
 Hardware stack levels used:    1
 Hardware stack levels required when called:    3
 This function calls:
		_WriteData
		_delay
 This function is called by:
		_lcdPrint
 This function uses a non-reentrant model


 *************** function _WriteData *****************
 Defined at:
		line 101 in file "LCD16x2.c"
 Parameters:    Size  Location     Type
  data            1    wreg     unsigned char 
 Auto vars:     Size  Location     Type
  data            1   10[COMMON] unsigned char 
  MSNibble        1   11[COMMON] unsigned char 
  LSNibble        1    9[COMMON] unsigned char 
 Return value:  Size  Location     Type
                  1    wreg      void 
 Registers used:
		wreg, fsr0l, fsr0h, status,2, status,0, btemp+1, pclath, cstack
 Tracked objects:
		On entry : 
		On exit  : 
		Unchanged: 
 Data sizes:     COMMON   BANK0   BANK1   BANK3   BANK2
      Params:         0       0       0       0       0
      Locals:         3       0       0       0       0
      Temps:          2       0       0       0       0
      Totals:         5       0       0       0       0
Total ram usage:        5 bytes
 Hardware stack levels used:    1
 Hardware stack levels required when called:    2
 This function calls:
		_ByteByNibble
		_delay
		_digitalWrite
 This function is called by:
		_lcdWrite
 This function uses a non-reentrant model


 *************** function _lcdBegin *****************
 Defined at:
		line 18 in file "LCD16x2.c"
 Parameters:    Size  Location     Type
  RS              1    wreg     unsigned char 
  EN              1    0[BANK0 ] unsigned char 
  R_W             1    1[BANK0 ] unsigned char 
  d4              1    2[BANK0 ] unsigned char 
  d5              1    3[BANK0 ] unsigned char 
  d6              1    4[BANK0 ] unsigned char 
  d7              1    5[BANK0 ] unsigned char 
 Auto vars:     Size  Location     Type
  RS              1   13[COMMON] unsigned char 
 Return value:  Size  Location     Type
                  1    wreg      void 
 Registers used:
		wreg, fsr0l, fsr0h, status,2, status,0, btemp+1, pclath, cstack
 Tracked objects:
		On entry : 
		On exit  : 
		Unchanged: 
 Data sizes:     COMMON   BANK0   BANK1   BANK3   BANK2
      Params:         0       6       0       0       0
      Locals:         1       0       0       0       0
      Temps:          1       0       0       0       0
      Totals:         2       6       0       0       0
Total ram usage:        8 bytes
 Hardware stack levels used:    1
 Hardware stack levels required when called:    3
 This function calls:
		_WriteInstruction
		_delay
		_pinMode
 This function is called by:
		_setup
 This function uses a non-reentrant model


 *************** function _pinMode *****************
 Defined at:
		line 60 in file "Hormiga877.c"
 Parameters:    Size  Location     Type
  pin             1    wreg     unsigned char 
  mode            1    0[COMMON] unsigned char 
 Auto vars:     Size  Location     Type
  pin             1    3[COMMON] unsigned char 
 Return value:  Size  Location     Type
                  1    wreg      void 
 Registers used:
		wreg, fsr0l, fsr0h, status,2, status,0
 Tracked objects:
		On entry : 
		On exit  : 
		Unchanged: 
 Data sizes:     COMMON   BANK0   BANK1   BANK3   BANK2
      Params:         1       0       0       0       0
      Locals:         1       0       0       0       0
      Temps:          2       0       0       0       0
      Totals:         4       0       0       0       0
Total ram usage:        4 bytes
 Hardware stack levels used:    1
 This function calls:
		Nothing
 This function is called by:
		_lcdBegin
 This function uses a non-reentrant model


 *************** function _WriteInstruction *****************
 Defined at:
		line 78 in file "LCD16x2.c"
 Parameters:    Size  Location     Type
  instruction     1    wreg     unsigned char 
 Auto vars:     Size  Location     Type
  instruction     1   10[COMMON] unsigned char 
  MSNibble        1   11[COMMON] unsigned char 
  LSNibble        1    9[COMMON] unsigned char 
 Return value:  Size  Location     Type
                  1    wreg      void 
 Registers used:
		wreg, fsr0l, fsr0h, status,2, status,0, btemp+1, pclath, cstack
 Tracked objects:
		On entry : 
		On exit  : 
		Unchanged: 
 Data sizes:     COMMON   BANK0   BANK1   BANK3   BANK2
      Params:         0       0       0       0       0
      Locals:         3       0       0       0       0
      Temps:          2       0       0       0       0
      Totals:         5       0       0       0       0
Total ram usage:        5 bytes
 Hardware stack levels used:    1
 Hardware stack levels required when called:    2
 This function calls:
		_ByteByNibble
		_delay
		_digitalWrite
 This function is called by:
		_lcdBegin
		_lcdSetCursor
		_lcdClear
 This function uses a non-reentrant model


 *************** function _delay *****************
 Defined at:
		line 576 in file "Hormiga877.c"
 Parameters:    Size  Location     Type
  milis           2    0[COMMON] const int 
 Auto vars:     Size  Location     Type
  i               2    5[COMMON] int 
  j               2    3[COMMON] int 
 Return value:  Size  Location     Type
                  1    wreg      void 
 Registers used:
		wreg, status,2, btemp+1
 Tracked objects:
		On entry : 
		On exit  : 
		Unchanged: 
 Data sizes:     COMMON   BANK0   BANK1   BANK3   BANK2
      Params:         2       0       0       0       0
      Locals:         4       0       0       0       0
      Temps:          1       0       0       0       0
      Totals:         7       0       0       0       0
Total ram usage:        7 bytes
 Hardware stack levels used:    1
 This function calls:
		Nothing
 This function is called by:
		_lcdBegin
		_lcdWrite
		_WriteInstruction
		_WriteData
		_PBRead
 This function uses a non-reentrant model


 *************** function _ByteByNibble *****************
 Defined at:
		line 124 in file "LCD16x2.c"
 Parameters:    Size  Location     Type
  NibbleValue     1    wreg     unsigned char 
 Auto vars:     Size  Location     Type
  NibbleValue     1    6[COMMON] unsigned char 
 Return value:  Size  Location     Type
                  1    wreg      void 
 Registers used:
		wreg, fsr0l, fsr0h, status,2, status,0, pclath, cstack
 Tracked objects:
		On entry : 
		On exit  : 
		Unchanged: 
 Data sizes:     COMMON   BANK0   BANK1   BANK3   BANK2
      Params:         0       0       0       0       0
      Locals:         1       0       0       0       0
      Temps:          2       0       0       0       0
      Totals:         3       0       0       0       0
Total ram usage:        3 bytes
 Hardware stack levels used:    1
 Hardware stack levels required when called:    1
 This function calls:
		_digitalWrite
 This function is called by:
		_WriteInstruction
		_WriteData
 This function uses a non-reentrant model


 *************** function _digitalWrite *****************
 Defined at:
		line 166 in file "Hormiga877.c"
 Parameters:    Size  Location     Type
  pin             1    wreg     unsigned char 
  value           1    0[COMMON] unsigned char 
 Auto vars:     Size  Location     Type
  pin             1    3[COMMON] unsigned char 
 Return value:  Size  Location     Type
                  1    wreg      void 
 Registers used:
		wreg, fsr0l, fsr0h, status,2, status,0
 Tracked objects:
		On entry : 
		On exit  : 
		Unchanged: 
 Data sizes:     COMMON   BANK0   BANK1   BANK3   BANK2
      Params:         1       0       0       0       0
      Locals:         1       0       0       0       0
      Temps:          2       0       0       0       0
      Totals:         4       0       0       0       0
Total ram usage:        4 bytes
 Hardware stack levels used:    1
 This function calls:
		Nothing
 This function is called by:
		_WriteInstruction
		_WriteData
		_ByteByNibble
 This function uses a non-reentrant model


 *************** function _loop *****************
 Defined at:
		line 22 in file "application.c"
 Parameters:    Size  Location     Type
		None
 Auto vars:     Size  Location     Type
		None
 Return value:  Size  Location     Type
                  1    wreg      void 
 Registers used:
		None
 Tracked objects:
		On entry : 
		On exit  : 
		Unchanged: 
 Data sizes:     COMMON   BANK0   BANK1   BANK3   BANK2
      Params:         0       0       0       0       0
      Locals:         0       0       0       0       0
      Temps:          0       0       0       0       0
      Totals:         0       0       0       0       0
Total ram usage:        0 bytes
 Hardware stack levels used:    1
 This function calls:
		Nothing
 This function is called by:
		_main
 This function uses a non-reentrant model


 *************** function _Initialization *****************
 Defined at:
		line 14 in file "Hormiga877.c"
 Parameters:    Size  Location     Type
		None
 Auto vars:     Size  Location     Type
		None
 Return value:  Size  Location     Type
                  1    wreg      void 
 Registers used:
		wreg, status,2, status,0, pclath, cstack
 Tracked objects:
		On entry : 
		On exit  : 
		Unchanged: 
 Data sizes:     COMMON   BANK0   BANK1   BANK3   BANK2
      Params:         0       0       0       0       0
      Locals:         0       0       0       0       0
      Temps:          0       0       0       0       0
      Totals:         0       0       0       0       0
Total ram usage:        0 bytes
 Hardware stack levels used:    1
 Hardware stack levels required when called:    1
 This function calls:
		_PWMConfiguration
 This function is called by:
		_main
 This function uses a non-reentrant model


 *************** function _PWMConfiguration *****************
 Defined at:
		line 44 in file "Hormiga877.c"
 Parameters:    Size  Location     Type
		None
 Auto vars:     Size  Location     Type
		None
 Return value:  Size  Location     Type
                  1    wreg      void 
 Registers used:
		wreg, status,2
 Tracked objects:
		On entry : 
		On exit  : 
		Unchanged: 
 Data sizes:     COMMON   BANK0   BANK1   BANK3   BANK2
      Params:         0       0       0       0       0
      Locals:         0       0       0       0       0
      Temps:          0       0       0       0       0
      Totals:         0       0       0       0       0
Total ram usage:        0 bytes
 Hardware stack levels used:    1
 This function calls:
		Nothing
 This function is called by:
		_Initialization
 This function uses a non-reentrant model



MODULE INFORMATION

Module		Function		Class		Link	Load	Size
LCD16x2.c
		_lcdSetCursor  		CODE           	00A5	0000	45
		_WriteInstruction		CODE           	0178	0000	131
		_lcdBegin      		CODE           	027D	0000	133
		_WriteData     		CODE           	01FA	0000	132
		_lcdWrite      		CODE           	0029	0000	18
		_ByteByNibble  		CODE           	0545	0000	687
		_lcdPrint      		CODE           	004E	0000	44

LCD16x2.c estimated size: 1190

shared
		_RnW           		STRING         	000D	0000	2
		__stringtab    		STRING         	0003	0000	7
		_EN            		STRING         	000E	0000	2
		__initialization		CODE           	07F3	0000	10
		_RS            		STRING         	000F	0000	2
		_D4            		STRING         	000C	0000	2
		_D5            		STRING         	000B	0000	2
		_D6            		STRING         	000A	0000	2
		_D7            		STRING         	0009	0000	2

shared estimated size: 31

Hormiga877.c
		_delay         		CODE           	00D1	0000	79
		_PWMConfiguration		CODE           	0FF1	0000	16
		_main          		CODE           	003A	0000	21
		_digitalWrite  		CODE           	0422	0000	292
		_Initialization		CODE           	0079	0000	45
		_pinMode       		CODE           	0301	0000	290

Hormiga877.c estimated size: 743

application.c
		_loop          		CODE           	0FF0	0000	2
		_setup         		CODE           	011F	0000	90

application.c estimated size: 92

