Microchip MPLAB XC8 Compiler V2.00 ()

Linker command line:

-W-3 --edf=C:\Program Files (x86)\Microchip\xc8\v2.00\pic\dat\en_msgs.txt \
  -cs -h+dist/default/production\Hormiga_877_RevA.X.production.sym \
  --cmf=dist/default/production\Hormiga_877_RevA.X.production.cmf -z \
  -Q16F877A -oC:\Users\c4810\AppData\Local\Temp\sk6s.2 \
  --defsym=__MPLAB_BUILD=1 \
  -Mdist/default/production/Hormiga_877_RevA.X.production.map -E1 -ver=XC8 \
  --acfsm=1493 -ASTACK=0110h-016fh -pstack=STACK -ACODE=00h-07FFhx4 \
  -ASTRCODE=00h-01FFFh -ASTRING=00h-0FFhx32 -ACONST=00h-0FFhx32 \
  -AENTRY=00h-0FFhx32 -ACOMMON=070h-07Fh -ABANK0=020h-06Fh \
  -ABANK1=0A0h-0EFh -ABANK2=0110h-016Fh -ABANK3=0190h-01EFh \
  -ARAM=020h-06Fh,0A0h-0EFh,0110h-016Fh,0190h-01EFh \
  -AABS1=020h-07Fh,0A0h-0EFh,0110h-016Fh,0190h-01EFh -ASFR0=00h-01Fh \
  -ASFR1=080h-09Fh -ASFR2=0100h-010Fh -ASFR3=0180h-018Fh \
  -preset_vec=00h,intentry,init,end_init -ppowerup=CODE -pcinit=CODE \
  -pfunctab=ENTRY -ACONFIG=02007h-02007h -pconfig=CONFIG -DCONFIG=2 \
  -AIDLOC=02000h-02003h -pidloc=IDLOC -DIDLOC=2 -AEEDATA=00h-0FFh/02100h \
  -peeprom_data=EEDATA -DEEDATA=2 -DCODE=2 -DSTRCODE=2 -DSTRING=2 -DCONST=2 \
  -DENTRY=2 -k C:\Users\c4810\AppData\Local\Temp\sk6s.o \
  dist/default/production\Hormiga_877_RevA.X.production.o 

Object code version is 3.11

Machine type is 16F877A



                Name                               Link     Load   Length Selector   Space Scale
C:\Users\c4810\AppData\Local\Temp\sk6s.o
                end_init                              0        0        3        0       0
                idloc                              2000     2000        4     4000       0
                config                             2007     2007        1     400E       0
dist/default/production\Hormiga_877_RevA.X.production.o
                cinit                               7F3      7F3        D      FE6       0
                text19                              DC3      DC3        F     1B86       0
                text18                              E22      E22       2C     1C44       0
                text17                              E0A      E0A       18     1C14       0
                text16                              422      422      123      844       0
                text15                              545      545      2AE      A8A       0
                text14                              F4E      F4E       4E     1E9C       0
                text13                               8A       8A       83      114       0
                text12                              DD2      DD2       11     1BA4       0
                text11                              EBB      EBB       48     1D76       0
                text10                                8        8       82       10       0
                text9                               E4E      E4E       2C     1C9C       0
                text8                               F03      F03       4B     1E06       0
                text7                               E7A      E7A       41     1CF4       0
                text6                               221      221       E0      442       0
                text5                               191      191       90      322       0
                text4                               DE3      DE3       13     1BC6       0
                text3                               301      301      121      602       0
                text2                               10D      10D       84      21A       0
                text1                               F9C      F9C       64     1F38       0
                maintext                            DF6      DF6       14     1BEC       0
                cstackBANK0                          47       47        F       20       1
                cstackCOMMON                         70       70        E       70       1
                clrtext                             DBB      DBB        8     1B76       0
                bssBANK0                             20       20       27       20       1
                nvBANK0                              56       56        7       20       1
                strings                             800      800       53     1000       0

TOTAL           Name                               Link     Load   Length     Space
        CLASS   STACK          

        CLASS   CODE           
                end_init                              0        0        3         0
                cinit                               7F3      7F3        D         0
                text19                              DC3      DC3        F         0
                text18                              E22      E22       2C         0
                text17                              E0A      E0A       18         0
                text16                              422      422      123         0
                text15                              545      545      2AE         0
                text14                              F4E      F4E       4E         0
                text13                               8A       8A       83         0
                text12                              DD2      DD2       11         0
                text11                              EBB      EBB       48         0
                text10                                8        8       82         0
                text9                               E4E      E4E       2C         0
                text8                               F03      F03       4B         0
                text7                               E7A      E7A       41         0
                text6                               221      221       E0         0
                text5                               191      191       90         0
                text4                               DE3      DE3       13         0
                text3                               301      301      121         0
                text2                               10D      10D       84         0
                text1                               F9C      F9C       64         0
                maintext                            DF6      DF6       14         0
                clrtext                             DBB      DBB        8         0

        CLASS   STRCODE        

        CLASS   STRING         
                strings                             800      800       53         0

        CLASS   CONST          

        CLASS   ENTRY          

        CLASS   COMMON         
                cstackCOMMON                         70       70        E         1

        CLASS   BANK0          
                cstackBANK0                          47       47        F         1
                bssBANK0                             20       20       27         1
                nvBANK0                              56       56        7         1

        CLASS   BANK1          

        CLASS   BANK2          

        CLASS   BANK3          

        CLASS   RAM            

        CLASS   ABS1           
                abs_s1                               7E       7E        2         1

        CLASS   SFR0           

        CLASS   SFR1           

        CLASS   SFR2           

        CLASS   SFR3           

        CLASS   CONFIG         
                config                             2007     2007        1         0

        CLASS   IDLOC          
                idloc                              2000     2000        4         0

        CLASS   EEDATA         



SEGMENTS        Name                           Load    Length   Top    Selector   Space  Class     Delta

                reset_vec                      000000  000003  000003         0       0  CODE        2
                text10                         000008  000082  00008A        10       0  CODE        2
                bssBANK0                       000020  00003D  00005D        20       1  BANK0       1
                cstackCOMMON                   000070  00000E  00007E        70       1  COMMON      1
                text13                         00008A  000083  00010D       114       0  CODE        2
                text2                          00010D  000084  000191       21A       0  CODE        2
                text5                          000191  000090  000221       322       0  CODE        2
                text6                          000221  0000E0  000301       442       0  CODE        2
                text3                          000301  000121  000422       602       0  CODE        2
                text16                         000422  000123  000545       844       0  CODE        2
                text15                         000545  0002AE  0007F3       A8A       0  CODE        2
                cinit                          0007F3  00000D  000800       FE6       0  CODE        2
                strings                        000800  000053  000853      1000       0  STRING      2
                clrtext                        000DBB  000008  000DC3      1B76       0  CODE        2
                text19                         000DC3  00000F  000DD2      1B86       0  CODE        2
                text12                         000DD2  000011  000DE3      1BA4       0  CODE        2
                text4                          000DE3  000013  000DF6      1BC6       0  CODE        2
                maintext                       000DF6  000014  000E0A      1BEC       0  CODE        2
                text17                         000E0A  000018  000E22      1C14       0  CODE        2
                text18                         000E22  00002C  000E4E      1C44       0  CODE        2
                text9                          000E4E  00002C  000E7A      1C9C       0  CODE        2
                text7                          000E7A  000041  000EBB      1CF4       0  CODE        2
                text11                         000EBB  000048  000F03      1D76       0  CODE        2
                text8                          000F03  00004B  000F4E      1E06       0  CODE        2
                text14                         000F4E  00004E  000F9C      1E9C       0  CODE        2
                text1                          000F9C  000064  001000      1F38       0  CODE        2
                idloc                          002000  000004  002004      4000       0  IDLOC       2
                config                         002007  000001  002008      400E       0  CONFIG      2


UNUSED ADDRESS RANGES

        Name                Unused          Largest block    Delta
        BANK0            005D-006F             13           1
        BANK1            00A0-00EF             50           1
        BANK2            0110-016F             60           1
        BANK3            0190-01EF             60           1
        CODE             0003-0007              5           2
                         0853-0DBA            568
                         1000-1FFF            800
        CONST            0003-0007              5           2
                         0853-0DBA            100
                         1000-1FFF            100
        EEDATA           2100-21FF            100           2
        ENTRY            0003-0007              5           2
                         0853-0DBA            100
                         1000-1FFF            100
        RAM              005D-006F             13           1
                         00A0-00EF             50
                         0110-016F             60
                         0190-01EF             60
        SFR0             0000-001F             20           1
        SFR1             0080-009F             20           1
        SFR2             0100-010F             10           1
        SFR3             0180-018F             10           1
        STACK            0110-016F             60           1
        STRCODE          0003-0007              5           2
                         0853-0DBA            568
                         1000-1FFF           1000
        STRING           0003-0007              5           2
                         0853-0DBA            100
                         1000-1FFF            100

                                  Symbol Table

?_EventCounter               cstackCOMMON 0070
?___lwdiv                    cstackCOMMON 0070
?___lwmod                    cstackCOMMON 0078
?_sprintf                    cstackBANK0  0047
ByteByNibble@NibbleValue     cstackCOMMON 0076
PIDSetSampleTime@dt          cstackCOMMON 0071
WriteData@LSNibble           cstackCOMMON 0079
WriteData@MSNibble           cstackCOMMON 007B
WriteData@data               cstackCOMMON 007A
WriteInstruction@LSNibble    cstackCOMMON 0079
WriteInstruction@MSNibble    cstackCOMMON 007B
WriteInstruction@instruction cstackCOMMON 007A
_ADCON0                      (abs)        001F
_ADCON0bits                  (abs)        001F
_ADCON1                      (abs)        009F
_ADRESH                      (abs)        001E
_ADRESL                      (abs)        009E
_BRGH                        (abs)        04C2
_ByteByNibble                text15       0545
_CCP1CON                     (abs)        0017
_CCP1X                       (abs)        00BD
_CCP1Y                       (abs)        00BC
_CCP2CON                     (abs)        001D
_CCP2X                       (abs)        00ED
_CCP2Y                       (abs)        00EC
_CCPR1L                      (abs)        0015
_CCPR2L                      (abs)        001B
_CREN                        (abs)        00C4
_D4                          strings      081D
_D5                          strings      081C
_D6                          strings      081B
_D7                          strings      081A
_EN                          strings      081F
_ENPin                       nvBANK0      005B
_EventCounter                text17       0E0A
_FERR                        (abs)        00C2
_Initialization              text18       0E22
_Last                        bssBANK0     0031
_Now                         bssBANK0     0033
_OERR                        (abs)        00C1
_OPTION_REG                  (abs)        0081
_PID                         bssBANK0     0020
_PIDSetSampleTime            text4        0DE3
_PORTAbits                   (abs)        0005
_PORTB                       (abs)        0006
_PORTBbits                   (abs)        0006
_PORTC                       (abs)        0007
_PORTCbits                   (abs)        0007
_PORTDbits                   (abs)        0008
_PORTE                       (abs)        0009
_PORTEbits                   (abs)        0009
_PR2                         (abs)        0092
_PWMConfiguration            text19       0DC3
_RCIF                        (abs)        0065
_RCREG                       (abs)        001A
_RS                          strings      0820
_RSPin                       nvBANK0      005C
_RWPin                       nvBANK0      005A
_RnW                         strings      081E
_SPBRG                       (abs)        0099
_SPEN                        (abs)        00C7
_SYNC                        (abs)        04C4
_ScreenROW                   bssBANK0     0037
_T2CON                       (abs)        0012
_TMR0                        (abs)        0001
_TMR0IF                      (abs)        005A
_TRISAbits                   (abs)        0085
_TRISB                       (abs)        0086
_TRISBbits                   (abs)        0086
_TRISC                       (abs)        0087
_TRISC6                      (abs)        043E
_TRISC7                      (abs)        043F
_TRISCbits                   (abs)        0087
_TRISDbits                   (abs)        0088
_TRISE                       (abs)        0089
_TRMT                        (abs)        04C1
_TXEN                        (abs)        04C5
_TXIF                        (abs)        0064
_TXREG                       (abs)        0019
_WriteData                   text13       008A
_WriteInstruction            text10       0008
__CFG_BOREN$OFF              (abs)        0000
__CFG_CP$OFF                 (abs)        0000
__CFG_CPD$OFF                (abs)        0000
__CFG_FOSC$HS                (abs)        0000
__CFG_LVP$ON                 (abs)        0000
__CFG_PWRTE$OFF              (abs)        0000
__CFG_WDTE$OFF               (abs)        0000
__CFG_WRT$OFF                (abs)        0000
__Habs1                      abs1         0000
__Hbank0                     bank0        0000
__Hbank1                     bank1        0000
__Hbank2                     bank2        0000
__Hbank3                     bank3        0000
__HbssBANK0                  bssBANK0     0000
__Hcinit                     cinit        0800
__Hclrtext                   clrtext      0000
__Hcode                      code         0000
__Hcommon                    common       0000
__Hconfig                    config       2008
__HcstackBANK0               cstackBANK0  0000
__HcstackCOMMON              cstackCOMMON 0000
__Heeprom_data               eeprom_data  0000
__Hend_init                  end_init     0003
__Hfunctab                   functab      0000
__Hidloc                     idloc        2004
__Hinit                      init         0000
__Hintentry                  intentry     0000
__Hmaintext                  maintext     0000
__HnvBANK0                   nvBANK0      0000
__Hpowerup                   powerup      0000
__Hram                       ram          0000
__Hreset_vec                 reset_vec    0000
__Hsfr0                      sfr0         0000
__Hsfr1                      sfr1         0000
__Hsfr2                      sfr2         0000
__Hsfr3                      sfr3         0000
__Hspace_0                   (abs)        2008
__Hspace_1                   (abs)        007E
__Hspace_2                   (abs)        0000
__Hspace_3                   (abs)        0000
__Hstack                     stack        0000
__Hstrings                   strings      0000
__Htext                      text         0000
__Labs1                      abs1         0000
__Lbank0                     bank0        0000
__Lbank1                     bank1        0000
__Lbank2                     bank2        0000
__Lbank3                     bank3        0000
__LbssBANK0                  bssBANK0     0000
__Lcinit                     cinit        07F3
__Lclrtext                   clrtext      0000
__Lcode                      code         0000
__Lcommon                    common       0000
__Lconfig                    config       2007
__LcstackBANK0               cstackBANK0  0000
__LcstackCOMMON              cstackCOMMON 0000
__Leeprom_data               eeprom_data  0000
__Lend_init                  end_init     0000
__Lfunctab                   functab      0000
__Lidloc                     idloc        2000
__Linit                      init         0000
__Lintentry                  intentry     0000
__Lmaintext                  maintext     0000
__LnvBANK0                   nvBANK0      0000
__Lpowerup                   powerup      0000
__Lram                       ram          0000
__Lreset_vec                 reset_vec    0000
__Lsfr0                      sfr0         0000
__Lsfr1                      sfr1         0000
__Lsfr2                      sfr2         0000
__Lsfr3                      sfr3         0000
__Lspace_0                   (abs)        0000
__Lspace_1                   (abs)        0000
__Lspace_2                   (abs)        0000
__Lspace_3                   (abs)        0000
__Lstack                     stack        0000
__Lstrings                   strings      0000
__Ltext                      text         0000
__S0                         (abs)        2008
__S1                         (abs)        007E
__S2                         (abs)        0000
__S3                         (abs)        0000
___int_sp                    stack        0000
___latbits                   (abs)        0002
___lwdiv                     text8        0F03
___lwdiv@counter             cstackCOMMON 0077
___lwdiv@dividend            cstackCOMMON 0072
___lwdiv@divisor             cstackCOMMON 0070
___lwdiv@quotient            cstackCOMMON 0075
___lwmod                     text7        0E7A
___lwmod@counter             cstackCOMMON 007D
___lwmod@dividend            cstackCOMMON 007A
___lwmod@divisor             cstackCOMMON 0078
___sp                        stack        0000
__end_of_ByteByNibble        text15       07F3
__end_of_D4                  strings      081E
__end_of_D5                  strings      081D
__end_of_D6                  strings      081C
__end_of_D7                  strings      081B
__end_of_EN                  strings      0820
__end_of_EventCounter        text17       0E22
__end_of_Initialization      text18       0E4E
__end_of_PIDSetSampleTime    text4        0DF6
__end_of_PWMConfiguration    text19       0DD2
__end_of_RS                  strings      0821
__end_of_RnW                 strings      081F
__end_of_WriteData           text13       010D
__end_of_WriteInstruction    text10       008A
__end_of___lwdiv             text8        0F4E
__end_of___lwmod             text7        0EBB
__end_of__initialization     cinit        07FC
__end_of__stringtab          strings      0810
__end_of_delay               text14       0F9C
__end_of_digitalWrite        text16       0545
__end_of_dpowers             strings      081A
__end_of_lcdBegin            text2        0191
__end_of_lcdPrint            text11       0F03
__end_of_lcdSetCursor        text9        0E7A
__end_of_lcdWrite            text12       0DE3
__end_of_loop                text5        0221
__end_of_main                maintext     0E0A
__end_of_pinMode             text3        0422
__end_of_setup               text1        1000
__end_of_sprintf             text6        0301
__initialization             cinit        07F3
__pbssBANK0                  bssBANK0     0020
__pcstackBANK0               cstackBANK0  0047
__pcstackCOMMON              cstackCOMMON 0070
__pmaintext                  maintext     0DF6
__pnvBANK0                   nvBANK0      0056
__pstrings                   strings      0800
__ptext1                     text1        0F9C
__ptext10                    text10       0008
__ptext11                    text11       0EBB
__ptext12                    text12       0DD2
__ptext13                    text13       008A
__ptext14                    text14       0F4E
__ptext15                    text15       0545
__ptext16                    text16       0422
__ptext17                    text17       0E0A
__ptext18                    text18       0E22
__ptext19                    text19       0DC3
__ptext2                     text2        010D
__ptext3                     text3        0301
__ptext4                     text4        0DE3
__ptext5                     text5        0191
__ptext6                     text6        0221
__ptext7                     text7        0E7A
__ptext8                     text8        0F03
__ptext9                     text9        0E4E
__size_of_ByteByNibble       (abs)        0000
__size_of_EventCounter       (abs)        0000
__size_of_Initialization     (abs)        0000
__size_of_PIDSetSampleTime   (abs)        0000
__size_of_PWMConfiguration   (abs)        0000
__size_of_WriteData          (abs)        0000
__size_of_WriteInstruction   (abs)        0000
__size_of___lwdiv            (abs)        0000
__size_of___lwmod            (abs)        0000
__size_of_delay              (abs)        0000
__size_of_digitalWrite       (abs)        0000
__size_of_lcdBegin           (abs)        0000
__size_of_lcdPrint           (abs)        0000
__size_of_lcdSetCursor       (abs)        0000
__size_of_lcdWrite           (abs)        0000
__size_of_loop               (abs)        0000
__size_of_main               (abs)        0000
__size_of_pinMode            (abs)        0000
__size_of_setup              (abs)        0000
__size_of_sprintf            (abs)        0000
__stringbase                 strings      080F
__stringtab                  strings      0800
_d4Pin                       nvBANK0      0059
_d5Pin                       nvBANK0      0058
_d6Pin                       nvBANK0      0057
_d7Pin                       nvBANK0      0056
_dTime                       bssBANK0     0035
_delay                       text14       0F4E
_digitalWrite                text16       0422
_dpowers                     strings      0810
_dt                          bssBANK0     002F
_lcdBegin                    text2        010D
_lcdPrint                    text11       0EBB
_lcdSetCursor                text9        0E4E
_lcdWrite                    text12       0DD2
_loop                        text5        0191
_main                        maintext     0DF6
_pinMode                     text3        0301
_setup                       text1        0F9C
_sprintf                     text6        0221
btemp                        (abs)        007E
clear_ram0                   clrtext      0DBB
delay@i                      cstackCOMMON 0075
delay@j                      cstackCOMMON 0073
delay@milis                  cstackCOMMON 0070
digitalWrite@pin             cstackCOMMON 0073
digitalWrite@value           cstackCOMMON 0070
end_of_initialization        cinit        07FC
intlevel0                    functab      0000
intlevel1                    functab      0000
intlevel2                    functab      0000
intlevel3                    functab      0000
intlevel4                    functab      0000
intlevel5                    functab      0000
lcdBegin@EN                  cstackBANK0  0047
lcdBegin@RS                  cstackCOMMON 007D
lcdBegin@R_W                 cstackBANK0  0048
lcdBegin@d4                  cstackBANK0  0049
lcdBegin@d5                  cstackBANK0  004A
lcdBegin@d6                  cstackBANK0  004B
lcdBegin@d7                  cstackBANK0  004C
lcdPrint@i                   cstackBANK0  004C
lcdPrint@string              cstackBANK0  0047
lcdSetCursor@column          cstackCOMMON 007C
lcdSetCursor@location        cstackBANK0  0048
lcdSetCursor@row             cstackBANK0  0047
lcdWrite@data                cstackCOMMON 007C
pinMode@mode                 cstackCOMMON 0070
pinMode@pin                  cstackCOMMON 0073
reset_vec                    reset_vec    0000
sprintf@ap                   cstackBANK0  004E
sprintf@c                    cstackBANK0  0053
sprintf@f                    cstackBANK0  0047
sprintf@flag                 cstackBANK0  004D
sprintf@prec                 cstackBANK0  0051
sprintf@sp                   cstackBANK0  0052
sprintf@val                  cstackBANK0  004F
stackhi                      (abs)        0000
stacklo                      (abs)        0000
start                        init         0000
start_initialization         cinit        07F3
wtemp0                       (abs)        007E


FUNCTION INFORMATION:

 *************** function _main *****************
 Defined at:
		line 3 in file "Hormiga877.c"
 Parameters:    Size  Location     Type
		None
 Auto vars:     Size  Location     Type
		None
 Return value:  Size  Location     Type
                  2  147[None  ] int 
 Registers used:
		wreg, fsr0l, fsr0h, status,2, status,0, btemp+1, pclath, cstack
 Tracked objects:
		On entry : 
		On exit  : 
		Unchanged: 
 Data sizes:     COMMON   BANK0   BANK1   BANK3   BANK2
      Params:         0       0       0       0       0
      Locals:         0       0       0       0       0
      Temps:          0       0       0       0       0
      Totals:         0       0       0       0       0
Total ram usage:        0 bytes
 Hardware stack levels required when called:    6
 This function calls:
		_Initialization
		_loop
		_setup
 This function is called by:
		Startup code after reset
 This function uses a non-reentrant model


 *************** function _setup *****************
 Defined at:
		line 19 in file "application.c"
 Parameters:    Size  Location     Type
		None
 Auto vars:     Size  Location     Type
		None
 Return value:  Size  Location     Type
                  1    wreg      void 
 Registers used:
		wreg, fsr0l, fsr0h, status,2, status,0, btemp+1, pclath, cstack
 Tracked objects:
		On entry : 
		On exit  : 
		Unchanged: 
 Data sizes:     COMMON   BANK0   BANK1   BANK3   BANK2
      Params:         0       0       0       0       0
      Locals:         0       0       0       0       0
      Temps:          0       6       0       0       0
      Totals:         0       6       0       0       0
Total ram usage:        6 bytes
 Hardware stack levels used:    1
 Hardware stack levels required when called:    5
 This function calls:
		_PIDSetSampleTime
		_lcdBegin
		_lcdPrint
		_lcdSetCursor
 This function is called by:
		_main
 This function uses a non-reentrant model


 *************** function _lcdBegin *****************
 Defined at:
		line 18 in file "LCD16x2.c"
 Parameters:    Size  Location     Type
  RS              1    wreg     unsigned char 
  EN              1    0[BANK0 ] unsigned char 
  R_W             1    1[BANK0 ] unsigned char 
  d4              1    2[BANK0 ] unsigned char 
  d5              1    3[BANK0 ] unsigned char 
  d6              1    4[BANK0 ] unsigned char 
  d7              1    5[BANK0 ] unsigned char 
 Auto vars:     Size  Location     Type
  RS              1   13[COMMON] unsigned char 
 Return value:  Size  Location     Type
                  1    wreg      void 
 Registers used:
		wreg, fsr0l, fsr0h, status,2, status,0, btemp+1, pclath, cstack
 Tracked objects:
		On entry : 
		On exit  : 
		Unchanged: 
 Data sizes:     COMMON   BANK0   BANK1   BANK3   BANK2
      Params:         0       6       0       0       0
      Locals:         1       0       0       0       0
      Temps:          1       0       0       0       0
      Totals:         2       6       0       0       0
Total ram usage:        8 bytes
 Hardware stack levels used:    1
 Hardware stack levels required when called:    3
 This function calls:
		_WriteInstruction
		_delay
		_pinMode
 This function is called by:
		_setup
 This function uses a non-reentrant model


 *************** function _pinMode *****************
 Defined at:
		line 60 in file "Hormiga877.c"
 Parameters:    Size  Location     Type
  pin             1    wreg     unsigned char 
  mode            1    0[COMMON] unsigned char 
 Auto vars:     Size  Location     Type
  pin             1    3[COMMON] unsigned char 
 Return value:  Size  Location     Type
                  1    wreg      void 
 Registers used:
		wreg, fsr0l, fsr0h, status,2, status,0
 Tracked objects:
		On entry : 
		On exit  : 
		Unchanged: 
 Data sizes:     COMMON   BANK0   BANK1   BANK3   BANK2
      Params:         1       0       0       0       0
      Locals:         1       0       0       0       0
      Temps:          2       0       0       0       0
      Totals:         4       0       0       0       0
Total ram usage:        4 bytes
 Hardware stack levels used:    1
 This function calls:
		Nothing
 This function is called by:
		_lcdBegin
 This function uses a non-reentrant model


 *************** function _PIDSetSampleTime *****************
 Defined at:
		line 13 in file "PIDController.c"
 Parameters:    Size  Location     Type
  dt              1    wreg     unsigned char 
 Auto vars:     Size  Location     Type
  dt              1    1[COMMON] unsigned char 
 Return value:  Size  Location     Type
                  1    wreg      void 
 Registers used:
		wreg, status,2, status,0
 Tracked objects:
		On entry : 
		On exit  : 
		Unchanged: 
 Data sizes:     COMMON   BANK0   BANK1   BANK3   BANK2
      Params:         0       0       0       0       0
      Locals:         1       0       0       0       0
      Temps:          1       0       0       0       0
      Totals:         2       0       0       0       0
Total ram usage:        2 bytes
 Hardware stack levels used:    1
 This function calls:
		Nothing
 This function is called by:
		_setup
 This function uses a non-reentrant model


 *************** function _loop *****************
 Defined at:
		line 28 in file "application.c"
 Parameters:    Size  Location     Type
		None
 Auto vars:     Size  Location     Type
		None
 Return value:  Size  Location     Type
                  1    wreg      void 
 Registers used:
		wreg, fsr0l, fsr0h, status,2, status,0, btemp+1, pclath, cstack
 Tracked objects:
		On entry : 
		On exit  : 
		Unchanged: 
 Data sizes:     COMMON   BANK0   BANK1   BANK3   BANK2
      Params:         0       0       0       0       0
      Locals:         0       0       0       0       0
      Temps:          0       2       0       0       0
      Totals:         0       2       0       0       0
Total ram usage:        2 bytes
 Hardware stack levels used:    1
 Hardware stack levels required when called:    5
 This function calls:
		_EventCounter
		_lcdPrint
		_lcdSetCursor
		_sprintf
 This function is called by:
		_main
 This function uses a non-reentrant model


 *************** function _sprintf *****************
 Defined at:
		line 500 in file "C:\Program Files (x86)\Microchip\xc8\v2.00\pic\sources\c90\common\doprnt.c"
 Parameters:    Size  Location     Type
  sp              1    wreg     PTR unsigned char 
		 -> ScreenROW(16), 
  f               1    0[BANK0 ] PTR const unsigned char 
		 -> STR_4(9), STR_2(7), 
 Auto vars:     Size  Location     Type
  sp              1   11[BANK0 ] PTR unsigned char 
		 -> ScreenROW(16), 
  tmpval          4    0        struct .
  val             2    8[BANK0 ] unsigned int 
  cp              2    0        PTR const unsigned char 
  len             2    0        unsigned int 
  c               1   12[BANK0 ] unsigned char 
  prec            1   10[BANK0 ] char 
  ap              1    7[BANK0 ] PTR void [1]
		 -> ?_sprintf(2), 
  flag            1    6[BANK0 ] unsigned char 
 Return value:  Size  Location     Type
                  2    0[BANK0 ] int 
 Registers used:
		wreg, fsr0l, fsr0h, status,2, status,0, btemp+1, pclath, cstack
 Tracked objects:
		On entry : 
		On exit  : 
		Unchanged: 
 Data sizes:     COMMON   BANK0   BANK1   BANK3   BANK2
      Params:         0       3       0       0       0
      Locals:         0       7       0       0       0
      Temps:          0       3       0       0       0
      Totals:         0      13       0       0       0
Total ram usage:       13 bytes
 Hardware stack levels used:    1
 Hardware stack levels required when called:    1
 This function calls:
		___lwdiv
		___lwmod
 This function is called by:
		_loop
 This function uses a non-reentrant model


 *************** function ___lwmod *****************
 Defined at:
		line 5 in file "C:\Program Files (x86)\Microchip\xc8\v2.00\pic\sources\c90\common\lwmod.c"
 Parameters:    Size  Location     Type
  divisor         2    8[COMMON] unsigned int 
  dividend        2   10[COMMON] unsigned int 
 Auto vars:     Size  Location     Type
  counter         1   13[COMMON] unsigned char 
 Return value:  Size  Location     Type
                  2    8[COMMON] unsigned int 
 Registers used:
		wreg, status,2, status,0
 Tracked objects:
		On entry : 
		On exit  : 
		Unchanged: 
 Data sizes:     COMMON   BANK0   BANK1   BANK3   BANK2
      Params:         4       0       0       0       0
      Locals:         1       0       0       0       0
      Temps:          1       0       0       0       0
      Totals:         6       0       0       0       0
Total ram usage:        6 bytes
 Hardware stack levels used:    1
 This function calls:
		Nothing
 This function is called by:
		_sprintf
 This function uses a non-reentrant model


 *************** function ___lwdiv *****************
 Defined at:
		line 5 in file "C:\Program Files (x86)\Microchip\xc8\v2.00\pic\sources\c90\common\lwdiv.c"
 Parameters:    Size  Location     Type
  divisor         2    0[COMMON] unsigned int 
  dividend        2    2[COMMON] unsigned int 
 Auto vars:     Size  Location     Type
  quotient        2    5[COMMON] unsigned int 
  counter         1    7[COMMON] unsigned char 
 Return value:  Size  Location     Type
                  2    0[COMMON] unsigned int 
 Registers used:
		wreg, status,2, status,0
 Tracked objects:
		On entry : 
		On exit  : 
		Unchanged: 
 Data sizes:     COMMON   BANK0   BANK1   BANK3   BANK2
      Params:         4       0       0       0       0
      Locals:         3       0       0       0       0
      Temps:          1       0       0       0       0
      Totals:         8       0       0       0       0
Total ram usage:        8 bytes
 Hardware stack levels used:    1
 This function calls:
		Nothing
 This function is called by:
		_sprintf
 This function uses a non-reentrant model


 *************** function _lcdSetCursor *****************
 Defined at:
		line 45 in file "LCD16x2.c"
 Parameters:    Size  Location     Type
  row             1    wreg     unsigned char 
  column          1   12[COMMON] unsigned char 
 Auto vars:     Size  Location     Type
  row             1    0[BANK0 ] unsigned char 
  location        1    1[BANK0 ] unsigned char 
 Return value:  Size  Location     Type
                  1    wreg      void 
 Registers used:
		wreg, fsr0l, fsr0h, status,2, status,0, btemp+1, pclath, cstack
 Tracked objects:
		On entry : 
		On exit  : 
		Unchanged: 
 Data sizes:     COMMON   BANK0   BANK1   BANK3   BANK2
      Params:         1       0       0       0       0
      Locals:         0       2       0       0       0
      Temps:          1       0       0       0       0
      Totals:         2       2       0       0       0
Total ram usage:        4 bytes
 Hardware stack levels used:    1
 Hardware stack levels required when called:    3
 This function calls:
		_WriteInstruction
 This function is called by:
		_setup
		_loop
 This function uses a non-reentrant model


 *************** function _WriteInstruction *****************
 Defined at:
		line 78 in file "LCD16x2.c"
 Parameters:    Size  Location     Type
  instruction     1    wreg     unsigned char 
 Auto vars:     Size  Location     Type
  instruction     1   10[COMMON] unsigned char 
  MSNibble        1   11[COMMON] unsigned char 
  LSNibble        1    9[COMMON] unsigned char 
 Return value:  Size  Location     Type
                  1    wreg      void 
 Registers used:
		wreg, fsr0l, fsr0h, status,2, status,0, btemp+1, pclath, cstack
 Tracked objects:
		On entry : 
		On exit  : 
		Unchanged: 
 Data sizes:     COMMON   BANK0   BANK1   BANK3   BANK2
      Params:         0       0       0       0       0
      Locals:         3       0       0       0       0
      Temps:          2       0       0       0       0
      Totals:         5       0       0       0       0
Total ram usage:        5 bytes
 Hardware stack levels used:    1
 Hardware stack levels required when called:    2
 This function calls:
		_ByteByNibble
		_delay
		_digitalWrite
 This function is called by:
		_lcdBegin
		_lcdSetCursor
		_lcdClear
 This function uses a non-reentrant model


 *************** function _lcdPrint *****************
 Defined at:
		line 69 in file "LCD16x2.c"
 Parameters:    Size  Location     Type
  string          2    0[BANK0 ] PTR unsigned char 
		 -> STR_3(17), ScreenROW(16), STR_1(17), 
 Auto vars:     Size  Location     Type
  i               2    5[BANK0 ] int 
 Return value:  Size  Location     Type
                  1    wreg      void 
 Registers used:
		wreg, fsr0l, fsr0h, status,2, status,0, btemp+1, pclath, cstack
 Tracked objects:
		On entry : 
		On exit  : 
		Unchanged: 
 Data sizes:     COMMON   BANK0   BANK1   BANK3   BANK2
      Params:         0       2       0       0       0
      Locals:         0       2       0       0       0
      Temps:          0       3       0       0       0
      Totals:         0       7       0       0       0
Total ram usage:        7 bytes
 Hardware stack levels used:    1
 Hardware stack levels required when called:    4
 This function calls:
		_lcdWrite
 This function is called by:
		_setup
		_loop
 This function uses a non-reentrant model


 *************** function _lcdWrite *****************
 Defined at:
		line 63 in file "LCD16x2.c"
 Parameters:    Size  Location     Type
  data            1    wreg     unsigned char 
 Auto vars:     Size  Location     Type
  data            1   12[COMMON] unsigned char 
 Return value:  Size  Location     Type
                  1    wreg      void 
 Registers used:
		wreg, fsr0l, fsr0h, status,2, status,0, btemp+1, pclath, cstack
 Tracked objects:
		On entry : 
		On exit  : 
		Unchanged: 
 Data sizes:     COMMON   BANK0   BANK1   BANK3   BANK2
      Params:         0       0       0       0       0
      Locals:         1       0       0       0       0
      Temps:          0       0       0       0       0
      Totals:         1       0       0       0       0
Total ram usage:        1 bytes
 Hardware stack levels used:    1
 Hardware stack levels required when called:    3
 This function calls:
		_WriteData
		_delay
 This function is called by:
		_lcdPrint
 This function uses a non-reentrant model


 *************** function _WriteData *****************
 Defined at:
		line 101 in file "LCD16x2.c"
 Parameters:    Size  Location     Type
  data            1    wreg     unsigned char 
 Auto vars:     Size  Location     Type
  data            1   10[COMMON] unsigned char 
  MSNibble        1   11[COMMON] unsigned char 
  LSNibble        1    9[COMMON] unsigned char 
 Return value:  Size  Location     Type
                  1    wreg      void 
 Registers used:
		wreg, fsr0l, fsr0h, status,2, status,0, btemp+1, pclath, cstack
 Tracked objects:
		On entry : 
		On exit  : 
		Unchanged: 
 Data sizes:     COMMON   BANK0   BANK1   BANK3   BANK2
      Params:         0       0       0       0       0
      Locals:         3       0       0       0       0
      Temps:          2       0       0       0       0
      Totals:         5       0       0       0       0
Total ram usage:        5 bytes
 Hardware stack levels used:    1
 Hardware stack levels required when called:    2
 This function calls:
		_ByteByNibble
		_delay
		_digitalWrite
 This function is called by:
		_lcdWrite
 This function uses a non-reentrant model


 *************** function _delay *****************
 Defined at:
		line 576 in file "Hormiga877.c"
 Parameters:    Size  Location     Type
  milis           2    0[COMMON] const int 
 Auto vars:     Size  Location     Type
  i               2    5[COMMON] int 
  j               2    3[COMMON] int 
 Return value:  Size  Location     Type
                  1    wreg      void 
 Registers used:
		wreg, status,2, btemp+1
 Tracked objects:
		On entry : 
		On exit  : 
		Unchanged: 
 Data sizes:     COMMON   BANK0   BANK1   BANK3   BANK2
      Params:         2       0       0       0       0
      Locals:         4       0       0       0       0
      Temps:          1       0       0       0       0
      Totals:         7       0       0       0       0
Total ram usage:        7 bytes
 Hardware stack levels used:    1
 This function calls:
		Nothing
 This function is called by:
		_lcdBegin
		_lcdWrite
		_WriteInstruction
		_WriteData
		_PBRead
 This function uses a non-reentrant model


 *************** function _ByteByNibble *****************
 Defined at:
		line 124 in file "LCD16x2.c"
 Parameters:    Size  Location     Type
  NibbleValue     1    wreg     unsigned char 
 Auto vars:     Size  Location     Type
  NibbleValue     1    6[COMMON] unsigned char 
 Return value:  Size  Location     Type
                  1    wreg      void 
 Registers used:
		wreg, fsr0l, fsr0h, status,2, status,0, pclath, cstack
 Tracked objects:
		On entry : 
		On exit  : 
		Unchanged: 
 Data sizes:     COMMON   BANK0   BANK1   BANK3   BANK2
      Params:         0       0       0       0       0
      Locals:         1       0       0       0       0
      Temps:          2       0       0       0       0
      Totals:         3       0       0       0       0
Total ram usage:        3 bytes
 Hardware stack levels used:    1
 Hardware stack levels required when called:    1
 This function calls:
		_digitalWrite
 This function is called by:
		_WriteInstruction
		_WriteData
 This function uses a non-reentrant model


 *************** function _digitalWrite *****************
 Defined at:
		line 166 in file "Hormiga877.c"
 Parameters:    Size  Location     Type
  pin             1    wreg     unsigned char 
  value           1    0[COMMON] unsigned char 
 Auto vars:     Size  Location     Type
  pin             1    3[COMMON] unsigned char 
 Return value:  Size  Location     Type
                  1    wreg      void 
 Registers used:
		wreg, fsr0l, fsr0h, status,2, status,0
 Tracked objects:
		On entry : 
		On exit  : 
		Unchanged: 
 Data sizes:     COMMON   BANK0   BANK1   BANK3   BANK2
      Params:         1       0       0       0       0
      Locals:         1       0       0       0       0
      Temps:          2       0       0       0       0
      Totals:         4       0       0       0       0
Total ram usage:        4 bytes
 Hardware stack levels used:    1
 This function calls:
		Nothing
 This function is called by:
		_WriteInstruction
		_WriteData
		_ByteByNibble
 This function uses a non-reentrant model


 *************** function _EventCounter *****************
 Defined at:
		line 21 in file "PIDController.c"
 Parameters:    Size  Location     Type
		None
 Auto vars:     Size  Location     Type
		None
 Return value:  Size  Location     Type
                  2    0[COMMON] unsigned int 
 Registers used:
		wreg, status,2, status,0
 Tracked objects:
		On entry : 
		On exit  : 
		Unchanged: 
 Data sizes:     COMMON   BANK0   BANK1   BANK3   BANK2
      Params:         2       0       0       0       0
      Locals:         0       0       0       0       0
      Temps:          0       0       0       0       0
      Totals:         2       0       0       0       0
Total ram usage:        2 bytes
 Hardware stack levels used:    1
 This function calls:
		Nothing
 This function is called by:
		_loop
 This function uses a non-reentrant model


 *************** function _Initialization *****************
 Defined at:
		line 14 in file "Hormiga877.c"
 Parameters:    Size  Location     Type
		None
 Auto vars:     Size  Location     Type
		None
 Return value:  Size  Location     Type
                  1    wreg      void 
 Registers used:
		wreg, status,2, status,0, pclath, cstack
 Tracked objects:
		On entry : 
		On exit  : 
		Unchanged: 
 Data sizes:     COMMON   BANK0   BANK1   BANK3   BANK2
      Params:         0       0       0       0       0
      Locals:         0       0       0       0       0
      Temps:          0       0       0       0       0
      Totals:         0       0       0       0       0
Total ram usage:        0 bytes
 Hardware stack levels used:    1
 Hardware stack levels required when called:    1
 This function calls:
		_PWMConfiguration
 This function is called by:
		_main
 This function uses a non-reentrant model


 *************** function _PWMConfiguration *****************
 Defined at:
		line 44 in file "Hormiga877.c"
 Parameters:    Size  Location     Type
		None
 Auto vars:     Size  Location     Type
		None
 Return value:  Size  Location     Type
                  1    wreg      void 
 Registers used:
		wreg, status,2
 Tracked objects:
		On entry : 
		On exit  : 
		Unchanged: 
 Data sizes:     COMMON   BANK0   BANK1   BANK3   BANK2
      Params:         0       0       0       0       0
      Locals:         0       0       0       0       0
      Temps:          0       0       0       0       0
      Totals:         0       0       0       0       0
Total ram usage:        0 bytes
 Hardware stack levels used:    1
 This function calls:
		Nothing
 This function is called by:
		_Initialization
 This function uses a non-reentrant model



MODULE INFORMATION

Module		Function		Class		Link	Load	Size
LCD16x2.c
		_lcdSetCursor  		CODE           	0E4E	0000	45
		_WriteInstruction		CODE           	0008	0000	131
		_lcdBegin      		CODE           	010D	0000	133
		_WriteData     		CODE           	008A	0000	132
		_lcdWrite      		CODE           	0DD2	0000	18
		_ByteByNibble  		CODE           	0545	0000	687
		_lcdPrint      		CODE           	0EBB	0000	73

LCD16x2.c estimated size: 1219

C:\Program Files (x86)\Microchip\xc8\v2.00\pic\sources\c90\common\lwmod.c
		___lwmod       		CODE           	0E7A	0000	66

C:\Program Files (x86)\Microchip\xc8\v2.00\pic\sources\c90\common\lwmod.c estimated size: 66

C:\Program Files (x86)\Microchip\xc8\v2.00\pic\sources\c90\common\doprnt.c
		_sprintf       		CODE           	0221	0000	225

C:\Program Files (x86)\Microchip\xc8\v2.00\pic\sources\c90\common\doprnt.c estimated size: 225

C:\Program Files (x86)\Microchip\xc8\v2.00\pic\sources\c90\common\lwdiv.c
		___lwdiv       		CODE           	0F03	0000	76

C:\Program Files (x86)\Microchip\xc8\v2.00\pic\sources\c90\common\lwdiv.c estimated size: 76

shared
		_RnW           		STRING         	081E	0000	2
		__stringtab    		STRING         	0800	0000	17
		_dpowers       		STRING         	0810	0000	11
		_EN            		STRING         	081F	0000	2
		__initialization		CODE           	07F3	0000	10
		_RS            		STRING         	0820	0000	2
		_D4            		STRING         	081D	0000	2
		_D5            		STRING         	081C	0000	2
		_D6            		STRING         	081B	0000	2
		_D7            		STRING         	081A	0000	2

shared estimated size: 52

Hormiga877.c
		_delay         		CODE           	0F4E	0000	79
		_PWMConfiguration		CODE           	0DC3	0000	16
		_main          		CODE           	0DF6	0000	21
		_digitalWrite  		CODE           	0422	0000	292
		_Initialization		CODE           	0E22	0000	45
		_pinMode       		CODE           	0301	0000	290

Hormiga877.c estimated size: 743

application.c
		_loop          		CODE           	0191	0000	145
		_setup         		CODE           	0F9C	0000	101

application.c estimated size: 246

PIDController.c
		_PIDSetSampleTime		CODE           	0DE3	0000	20
		_EventCounter  		CODE           	0E0A	0000	25

PIDController.c estimated size: 45

